// Jest Snapshot v1, https://goo.gl/fbAQLP

exports[`Styling and specificity Themed browser on desktop all builds should match 1`] = `
Object {
  "altButton": Map {
    "box-shadow" => "rgb(255, 0, 0) 0px 0px 5px 0px",
    "animation" => "3s ease-in-out 0s infinite alternate none running styles_slide__bblj6yb",
    "font-family" => "styles_impact__ablj6yb",
    "background-color" => "rgb(0, 128, 0)",
    "color" => "rgb(255, 255, 255)",
    "animation-duration" => "3s",
    "animation-timing-function" => "ease-in-out",
    "animation-delay" => "0s",
    "animation-iteration-count" => "infinite",
    "animation-direction" => "alternate",
    "animation-fill-mode" => "none",
    "animation-play-state" => "running",
    "animation-name" => "styles_slide__bblj6yb",
    "border-radius" => "9999px",
    "border-top-left-radius" => "9999px",
    "border-top-right-radius" => "9999px",
    "border-bottom-right-radius" => "9999px",
    "border-bottom-left-radius" => "9999px",
  },
  "altContainer": Map {
    "animation" => "3s ease-in-out 0s infinite alternate none running globalSlide",
    "display" => "flex",
    "flex-direction" => "column",
    "gap" => "var(--space-2__ecdwe0v)",
    "padding" => "var(--space-3__fcdwe0v)",
    "animation-duration" => "3s",
    "animation-timing-function" => "ease-in-out",
    "animation-delay" => "0s",
    "animation-iteration-count" => "infinite",
    "animation-direction" => "alternate",
    "animation-fill-mode" => "none",
    "animation-play-state" => "running",
    "animation-name" => "globalSlide",
    "border" => "1px solid var(--colors-background-color__bcdwe0v)",
  },
  "dynamicVarsButton": Map {
    "box-shadow" => "rgb(255, 0, 0) 0px 0px 5px 0px",
    "animation" => "3s ease-in-out 0s infinite alternate none running styles_slide__bblj6yb",
    "font-family" => "MyGlobalComicSans",
    "background-color" => "rgb(233, 150, 122)",
    "color" => "rgb(255, 239, 213)",
    "animation-duration" => "3s",
    "animation-timing-function" => "ease-in-out",
    "animation-delay" => "0s",
    "animation-iteration-count" => "infinite",
    "animation-direction" => "alternate",
    "animation-fill-mode" => "none",
    "animation-play-state" => "running",
    "animation-name" => "styles_slide__bblj6yb",
    "border-radius" => "9999px",
    "border-top-left-radius" => "9999px",
    "border-top-right-radius" => "9999px",
    "border-bottom-right-radius" => "9999px",
    "border-bottom-left-radius" => "9999px",
    "outline" => "red solid 5px",
    "outline-color" => "rgb(255, 0, 0)",
    "outline-style" => "solid",
    "outline-width" => "5px",
  },
  "dynamicVarsContainer": Map {
    "animation" => "3s ease-in-out 0s infinite alternate none running globalSlide",
    "display" => "flex",
    "flex-direction" => "column",
    "gap" => "var(--space-2__ecdwe0v)",
    "padding" => "var(--space-3__fcdwe0v)",
    "animation-duration" => "3s",
    "animation-timing-function" => "ease-in-out",
    "animation-delay" => "0s",
    "animation-iteration-count" => "infinite",
    "animation-direction" => "alternate",
    "animation-fill-mode" => "none",
    "animation-play-state" => "running",
    "animation-name" => "globalSlide",
    "border" => "1px solid var(--colors-background-color__bcdwe0v)",
  },
  "inlineThemeButton": Map {
    "box-shadow" => "rgb(255, 0, 0) 0px 0px 5px 0px",
    "animation" => "3s ease-in-out 0s infinite alternate none running styles_slide__bblj6yb",
    "font-family" => "MyGlobalComicSans",
    "background-color" => "rgb(255, 165, 0)",
    "color" => "rgb(0, 0, 0)",
    "animation-duration" => "3s",
    "animation-timing-function" => "ease-in-out",
    "animation-delay" => "0s",
    "animation-iteration-count" => "infinite",
    "animation-direction" => "alternate",
    "animation-fill-mode" => "none",
    "animation-play-state" => "running",
    "animation-name" => "styles_slide__bblj6yb",
    "opacity" => "0.5",
    "border-radius" => "9999px",
    "border-top-left-radius" => "9999px",
    "border-top-right-radius" => "9999px",
    "border-bottom-right-radius" => "9999px",
    "border-bottom-left-radius" => "9999px",
    "outline" => "red solid 5px",
    "outline-color" => "rgb(255, 0, 0)",
    "outline-style" => "solid",
    "outline-width" => "5px",
  },
  "inlineThemeContainer": Map {
    "animation" => "3s ease-in-out 0s infinite alternate none running globalSlide",
    "display" => "flex",
    "flex-direction" => "column",
    "gap" => "var(--space-2__ecdwe0v)",
    "padding" => "var(--space-3__fcdwe0v)",
    "animation-duration" => "3s",
    "animation-timing-function" => "ease-in-out",
    "animation-delay" => "0s",
    "animation-iteration-count" => "infinite",
    "animation-direction" => "alternate",
    "animation-fill-mode" => "none",
    "animation-play-state" => "running",
    "animation-name" => "globalSlide",
    "border" => "1px solid var(--colors-background-color__bcdwe0v)",
  },
  "nestedRootButton": Map {
    "box-shadow" => "rgb(255, 0, 0) 0px 0px 5px 0px",
    "animation" => "3s ease-in-out 0s infinite alternate none running styles_slide__bblj6yb",
    "font-family" => "MyGlobalComicSans",
    "background-color" => "rgb(0, 0, 255)",
    "color" => "rgb(255, 255, 255)",
    "animation-duration" => "3s",
    "animation-timing-function" => "ease-in-out",
    "animation-delay" => "0s",
    "animation-iteration-count" => "infinite",
    "animation-direction" => "alternate",
    "animation-fill-mode" => "none",
    "animation-play-state" => "running",
    "animation-name" => "styles_slide__bblj6yb",
    "border-radius" => "9999px",
    "border-top-left-radius" => "9999px",
    "border-top-right-radius" => "9999px",
    "border-bottom-right-radius" => "9999px",
    "border-bottom-left-radius" => "9999px",
    "outline" => "red solid 5px",
    "outline-color" => "rgb(255, 0, 0)",
    "outline-style" => "solid",
    "outline-width" => "5px",
  },
  "nestedRootContainer": Map {
    "animation" => "3s ease-in-out 0s infinite alternate none running globalSlide",
    "display" => "flex",
    "flex-direction" => "column",
    "gap" => "var(--space-2__ecdwe0v)",
    "padding" => "var(--space-3__fcdwe0v)",
    "animation-duration" => "3s",
    "animation-timing-function" => "ease-in-out",
    "animation-delay" => "0s",
    "animation-iteration-count" => "infinite",
    "animation-direction" => "alternate",
    "animation-fill-mode" => "none",
    "animation-play-state" => "running",
    "animation-name" => "globalSlide",
    "border" => "1px solid var(--colors-background-color__bcdwe0v)",
  },
  "responsiveThemeButton": Map {
    "box-shadow" => "rgb(255, 0, 0) 0px 0px 5px 0px",
    "animation" => "3s ease-in-out 0s infinite alternate none running styles_slide__bblj6yb",
    "font-family" => "MyGlobalComicSans",
    "background-color" => "rgb(128, 0, 128)",
    "color" => "rgb(255, 192, 203)",
    "animation-duration" => "3s",
    "animation-timing-function" => "ease-in-out",
    "animation-delay" => "0s",
    "animation-iteration-count" => "infinite",
    "animation-direction" => "alternate",
    "animation-fill-mode" => "none",
    "animation-play-state" => "running",
    "animation-name" => "styles_slide__bblj6yb",
    "border-radius" => "9999px",
    "border-top-left-radius" => "9999px",
    "border-top-right-radius" => "9999px",
    "border-bottom-right-radius" => "9999px",
    "border-bottom-left-radius" => "9999px",
    "outline" => "red solid 5px",
    "outline-color" => "rgb(255, 0, 0)",
    "outline-style" => "solid",
    "outline-width" => "5px",
  },
  "responsiveThemeContainer": Map {
    "animation" => "3s ease-in-out 0s infinite alternate none running globalSlide",
    "display" => "flex",
    "flex-direction" => "column",
    "gap" => "var(--space-2__ecdwe0v)",
    "padding" => "var(--space-3__fcdwe0v)",
    "animation-duration" => "3s",
    "animation-timing-function" => "ease-in-out",
    "animation-delay" => "0s",
    "animation-iteration-count" => "infinite",
    "animation-direction" => "alternate",
    "animation-fill-mode" => "none",
    "animation-play-state" => "running",
    "animation-name" => "globalSlide",
    "border" => "1px solid var(--colors-background-color__bcdwe0v)",
  },
  "root": Map {
    "box-shadow" => "rgb(255, 0, 0) 0px 0px 5px 0px",
  },
  "rootButton": Map {
    "box-shadow" => "rgb(255, 0, 0) 0px 0px 5px 0px",
    "animation" => "3s ease-in-out 0s infinite alternate none running styles_slide__bblj6yb",
    "font-family" => "styles_impact__ablj6yb",
    "background-color" => "rgb(0, 0, 255)",
    "color" => "rgb(255, 255, 255)",
    "animation-duration" => "3s",
    "animation-timing-function" => "ease-in-out",
    "animation-delay" => "0s",
    "animation-iteration-count" => "infinite",
    "animation-direction" => "alternate",
    "animation-fill-mode" => "none",
    "animation-play-state" => "running",
    "animation-name" => "styles_slide__bblj6yb",
    "border-radius" => "9999px",
    "border-top-left-radius" => "9999px",
    "border-top-right-radius" => "9999px",
    "border-bottom-right-radius" => "9999px",
    "border-bottom-left-radius" => "9999px",
  },
  "rootContainer": Map {
    "animation" => "3s ease-in-out 0s infinite alternate none running globalSlide",
    "display" => "flex",
    "flex-direction" => "column",
    "gap" => "var(--space-2__ecdwe0v)",
    "padding" => "var(--space-3__fcdwe0v)",
    "animation-duration" => "3s",
    "animation-timing-function" => "ease-in-out",
    "animation-delay" => "0s",
    "animation-iteration-count" => "infinite",
    "animation-direction" => "alternate",
    "animation-fill-mode" => "none",
    "animation-play-state" => "running",
    "animation-name" => "globalSlide",
    "border" => "1px solid var(--colors-background-color__bcdwe0v)",
  },
}
`;

exports[`Styling and specificity Themed browser on mobile all builds should match 1`] = `
Object {
  "altButton": Map {
    "box-shadow" => "rgb(255, 0, 0) 0px 0px 5px 0px",
    "animation" => "3s ease-in-out 0s infinite alternate none running styles_slide__bblj6yb",
    "font-family" => "styles_impact__ablj6yb",
    "background-color" => "rgb(0, 128, 0)",
    "color" => "rgb(255, 255, 255)",
    "animation-duration" => "3s",
    "animation-timing-function" => "ease-in-out",
    "animation-delay" => "0s",
    "animation-iteration-count" => "infinite",
    "animation-direction" => "alternate",
    "animation-fill-mode" => "none",
    "animation-play-state" => "running",
    "animation-name" => "styles_slide__bblj6yb",
  },
  "altContainer": Map {
    "animation" => "3s ease-in-out 0s infinite alternate none running globalSlide",
    "display" => "flex",
    "flex-direction" => "column",
    "gap" => "var(--space-2__ecdwe0v)",
    "padding" => "var(--space-3__fcdwe0v)",
    "animation-duration" => "3s",
    "animation-timing-function" => "ease-in-out",
    "animation-delay" => "0s",
    "animation-iteration-count" => "infinite",
    "animation-direction" => "alternate",
    "animation-fill-mode" => "none",
    "animation-play-state" => "running",
    "animation-name" => "globalSlide",
  },
  "dynamicVarsButton": Map {
    "box-shadow" => "rgb(255, 0, 0) 0px 0px 5px 0px",
    "animation" => "3s ease-in-out 0s infinite alternate none running styles_slide__bblj6yb",
    "font-family" => "MyGlobalComicSans",
    "background-color" => "rgb(233, 150, 122)",
    "color" => "rgb(255, 239, 213)",
    "animation-duration" => "3s",
    "animation-timing-function" => "ease-in-out",
    "animation-delay" => "0s",
    "animation-iteration-count" => "infinite",
    "animation-direction" => "alternate",
    "animation-fill-mode" => "none",
    "animation-play-state" => "running",
    "animation-name" => "styles_slide__bblj6yb",
    "outline" => "red solid 5px",
    "outline-color" => "rgb(255, 0, 0)",
    "outline-style" => "solid",
    "outline-width" => "5px",
  },
  "dynamicVarsContainer": Map {
    "animation" => "3s ease-in-out 0s infinite alternate none running globalSlide",
    "display" => "flex",
    "flex-direction" => "column",
    "gap" => "var(--space-2__ecdwe0v)",
    "padding" => "var(--space-3__fcdwe0v)",
    "animation-duration" => "3s",
    "animation-timing-function" => "ease-in-out",
    "animation-delay" => "0s",
    "animation-iteration-count" => "infinite",
    "animation-direction" => "alternate",
    "animation-fill-mode" => "none",
    "animation-play-state" => "running",
    "animation-name" => "globalSlide",
  },
  "inlineThemeButton": Map {
    "box-shadow" => "rgb(255, 0, 0) 0px 0px 5px 0px",
    "animation" => "3s ease-in-out 0s infinite alternate none running styles_slide__bblj6yb",
    "font-family" => "MyGlobalComicSans",
    "background-color" => "rgb(255, 165, 0)",
    "color" => "rgb(0, 0, 0)",
    "animation-duration" => "3s",
    "animation-timing-function" => "ease-in-out",
    "animation-delay" => "0s",
    "animation-iteration-count" => "infinite",
    "animation-direction" => "alternate",
    "animation-fill-mode" => "none",
    "animation-play-state" => "running",
    "animation-name" => "styles_slide__bblj6yb",
    "opacity" => "0.5",
    "outline" => "red solid 5px",
    "outline-color" => "rgb(255, 0, 0)",
    "outline-style" => "solid",
    "outline-width" => "5px",
  },
  "inlineThemeContainer": Map {
    "animation" => "3s ease-in-out 0s infinite alternate none running globalSlide",
    "display" => "flex",
    "flex-direction" => "column",
    "gap" => "var(--space-2__ecdwe0v)",
    "padding" => "var(--space-3__fcdwe0v)",
    "animation-duration" => "3s",
    "animation-timing-function" => "ease-in-out",
    "animation-delay" => "0s",
    "animation-iteration-count" => "infinite",
    "animation-direction" => "alternate",
    "animation-fill-mode" => "none",
    "animation-play-state" => "running",
    "animation-name" => "globalSlide",
  },
  "nestedRootButton": Map {
    "box-shadow" => "rgb(255, 0, 0) 0px 0px 5px 0px",
    "animation" => "3s ease-in-out 0s infinite alternate none running styles_slide__bblj6yb",
    "font-family" => "MyGlobalComicSans",
    "background-color" => "rgb(0, 0, 255)",
    "color" => "rgb(255, 255, 255)",
    "animation-duration" => "3s",
    "animation-timing-function" => "ease-in-out",
    "animation-delay" => "0s",
    "animation-iteration-count" => "infinite",
    "animation-direction" => "alternate",
    "animation-fill-mode" => "none",
    "animation-play-state" => "running",
    "animation-name" => "styles_slide__bblj6yb",
    "outline" => "red solid 5px",
    "outline-color" => "rgb(255, 0, 0)",
    "outline-style" => "solid",
    "outline-width" => "5px",
  },
  "nestedRootContainer": Map {
    "animation" => "3s ease-in-out 0s infinite alternate none running globalSlide",
    "display" => "flex",
    "flex-direction" => "column",
    "gap" => "var(--space-2__ecdwe0v)",
    "padding" => "var(--space-3__fcdwe0v)",
    "animation-duration" => "3s",
    "animation-timing-function" => "ease-in-out",
    "animation-delay" => "0s",
    "animation-iteration-count" => "infinite",
    "animation-direction" => "alternate",
    "animation-fill-mode" => "none",
    "animation-play-state" => "running",
    "animation-name" => "globalSlide",
  },
  "responsiveThemeButton": Map {
    "box-shadow" => "rgb(255, 0, 0) 0px 0px 5px 0px",
    "animation" => "3s ease-in-out 0s infinite alternate none running styles_slide__bblj6yb",
    "font-family" => "MyGlobalComicSans",
    "background-color" => "rgb(255, 192, 203)",
    "color" => "rgb(128, 0, 128)",
    "animation-duration" => "3s",
    "animation-timing-function" => "ease-in-out",
    "animation-delay" => "0s",
    "animation-iteration-count" => "infinite",
    "animation-direction" => "alternate",
    "animation-fill-mode" => "none",
    "animation-play-state" => "running",
    "animation-name" => "styles_slide__bblj6yb",
    "outline" => "red solid 5px",
    "outline-color" => "rgb(255, 0, 0)",
    "outline-style" => "solid",
    "outline-width" => "5px",
  },
  "responsiveThemeContainer": Map {
    "animation" => "3s ease-in-out 0s infinite alternate none running globalSlide",
    "display" => "flex",
    "flex-direction" => "column",
    "gap" => "var(--space-2__ecdwe0v)",
    "padding" => "var(--space-3__fcdwe0v)",
    "animation-duration" => "3s",
    "animation-timing-function" => "ease-in-out",
    "animation-delay" => "0s",
    "animation-iteration-count" => "infinite",
    "animation-direction" => "alternate",
    "animation-fill-mode" => "none",
    "animation-play-state" => "running",
    "animation-name" => "globalSlide",
  },
  "root": Map {
    "box-shadow" => "rgb(255, 0, 0) 0px 0px 5px 0px",
  },
  "rootButton": Map {
    "box-shadow" => "rgb(255, 0, 0) 0px 0px 5px 0px",
    "animation" => "3s ease-in-out 0s infinite alternate none running styles_slide__bblj6yb",
    "font-family" => "styles_impact__ablj6yb",
    "background-color" => "rgb(0, 0, 255)",
    "color" => "rgb(255, 255, 255)",
    "animation-duration" => "3s",
    "animation-timing-function" => "ease-in-out",
    "animation-delay" => "0s",
    "animation-iteration-count" => "infinite",
    "animation-direction" => "alternate",
    "animation-fill-mode" => "none",
    "animation-play-state" => "running",
    "animation-name" => "styles_slide__bblj6yb",
  },
  "rootContainer": Map {
    "animation" => "3s ease-in-out 0s infinite alternate none running globalSlide",
    "display" => "flex",
    "flex-direction" => "column",
    "gap" => "var(--space-2__ecdwe0v)",
    "padding" => "var(--space-3__fcdwe0v)",
    "animation-duration" => "3s",
    "animation-timing-function" => "ease-in-out",
    "animation-delay" => "0s",
    "animation-iteration-count" => "infinite",
    "animation-direction" => "alternate",
    "animation-fill-mode" => "none",
    "animation-play-state" => "running",
    "animation-name" => "globalSlide",
  },
}
`;

exports[`Styling and specificity Themed esbuild on desktop all builds should match 1`] = `
Object {
  "altButton": Map {
    "box-shadow" => "rgb(255, 0, 0) 0px 0px 5px 0px",
    "animation" => "3s infinite alternate bjteyb1 ease-in-out",
    "font-family" => "ajteyb1",
    "background-color" => "rgb(0, 128, 0)",
    "color" => "rgb(255, 255, 255)",
    "animation-duration" => "3s",
    "animation-timing-function" => "ease-in-out",
    "animation-delay" => "0s",
    "animation-iteration-count" => "infinite",
    "animation-direction" => "alternate",
    "animation-fill-mode" => "none",
    "animation-play-state" => "running",
    "animation-name" => "bjteyb1",
    "border-radius" => "9999px",
    "border-top-left-radius" => "9999px",
    "border-top-right-radius" => "9999px",
    "border-bottom-right-radius" => "9999px",
    "border-bottom-left-radius" => "9999px",
  },
  "altContainer": Map {
    "animation" => "3s infinite alternate globalSlide ease-in-out",
    "display" => "flex",
    "flex-direction" => "column",
    "gap" => "var(--space-2__ecvta17)",
    "padding" => "var(--space-3__fcvta17)",
    "animation-duration" => "3s",
    "animation-timing-function" => "ease-in-out",
    "animation-delay" => "0s",
    "animation-iteration-count" => "infinite",
    "animation-direction" => "alternate",
    "animation-fill-mode" => "none",
    "animation-play-state" => "running",
    "animation-name" => "globalSlide",
    "border" => "1px solid var(--colors-background-color__bcvta17)",
  },
  "dynamicVarsButton": Map {
    "box-shadow" => "rgb(255, 0, 0) 0px 0px 5px 0px",
    "animation" => "3s infinite alternate bjteyb1 ease-in-out",
    "font-family" => "MyGlobalComicSans",
    "background-color" => "rgb(233, 150, 122)",
    "color" => "rgb(255, 239, 213)",
    "animation-duration" => "3s",
    "animation-timing-function" => "ease-in-out",
    "animation-delay" => "0s",
    "animation-iteration-count" => "infinite",
    "animation-direction" => "alternate",
    "animation-fill-mode" => "none",
    "animation-play-state" => "running",
    "animation-name" => "bjteyb1",
    "border-radius" => "9999px",
    "border-top-left-radius" => "9999px",
    "border-top-right-radius" => "9999px",
    "border-bottom-right-radius" => "9999px",
    "border-bottom-left-radius" => "9999px",
    "outline" => "5px solid red",
    "outline-color" => "rgb(255, 0, 0)",
    "outline-style" => "solid",
    "outline-width" => "5px",
  },
  "dynamicVarsContainer": Map {
    "animation" => "3s infinite alternate globalSlide ease-in-out",
    "display" => "flex",
    "flex-direction" => "column",
    "gap" => "var(--space-2__ecvta17)",
    "padding" => "var(--space-3__fcvta17)",
    "animation-duration" => "3s",
    "animation-timing-function" => "ease-in-out",
    "animation-delay" => "0s",
    "animation-iteration-count" => "infinite",
    "animation-direction" => "alternate",
    "animation-fill-mode" => "none",
    "animation-play-state" => "running",
    "animation-name" => "globalSlide",
    "border" => "1px solid var(--colors-background-color__bcvta17)",
  },
  "inlineThemeButton": Map {
    "box-shadow" => "rgb(255, 0, 0) 0px 0px 5px 0px",
    "animation" => "3s infinite alternate bjteyb1 ease-in-out",
    "font-family" => "MyGlobalComicSans",
    "background-color" => "rgb(255, 165, 0)",
    "color" => "rgb(0, 0, 0)",
    "animation-duration" => "3s",
    "animation-timing-function" => "ease-in-out",
    "animation-delay" => "0s",
    "animation-iteration-count" => "infinite",
    "animation-direction" => "alternate",
    "animation-fill-mode" => "none",
    "animation-play-state" => "running",
    "animation-name" => "bjteyb1",
    "opacity" => "0.5",
    "border-radius" => "9999px",
    "border-top-left-radius" => "9999px",
    "border-top-right-radius" => "9999px",
    "border-bottom-right-radius" => "9999px",
    "border-bottom-left-radius" => "9999px",
    "outline" => "5px solid red",
    "outline-color" => "rgb(255, 0, 0)",
    "outline-style" => "solid",
    "outline-width" => "5px",
  },
  "inlineThemeContainer": Map {
    "animation" => "3s infinite alternate globalSlide ease-in-out",
    "display" => "flex",
    "flex-direction" => "column",
    "gap" => "var(--space-2__ecvta17)",
    "padding" => "var(--space-3__fcvta17)",
    "animation-duration" => "3s",
    "animation-timing-function" => "ease-in-out",
    "animation-delay" => "0s",
    "animation-iteration-count" => "infinite",
    "animation-direction" => "alternate",
    "animation-fill-mode" => "none",
    "animation-play-state" => "running",
    "animation-name" => "globalSlide",
    "border" => "1px solid var(--colors-background-color__bcvta17)",
  },
  "nestedRootButton": Map {
    "box-shadow" => "rgb(255, 0, 0) 0px 0px 5px 0px",
    "animation" => "3s infinite alternate bjteyb1 ease-in-out",
    "font-family" => "MyGlobalComicSans",
    "background-color" => "rgb(0, 0, 255)",
    "color" => "rgb(255, 255, 255)",
    "animation-duration" => "3s",
    "animation-timing-function" => "ease-in-out",
    "animation-delay" => "0s",
    "animation-iteration-count" => "infinite",
    "animation-direction" => "alternate",
    "animation-fill-mode" => "none",
    "animation-play-state" => "running",
    "animation-name" => "bjteyb1",
    "border-radius" => "9999px",
    "border-top-left-radius" => "9999px",
    "border-top-right-radius" => "9999px",
    "border-bottom-right-radius" => "9999px",
    "border-bottom-left-radius" => "9999px",
    "outline" => "5px solid red",
    "outline-color" => "rgb(255, 0, 0)",
    "outline-style" => "solid",
    "outline-width" => "5px",
  },
  "nestedRootContainer": Map {
    "animation" => "3s infinite alternate globalSlide ease-in-out",
    "display" => "flex",
    "flex-direction" => "column",
    "gap" => "var(--space-2__ecvta17)",
    "padding" => "var(--space-3__fcvta17)",
    "animation-duration" => "3s",
    "animation-timing-function" => "ease-in-out",
    "animation-delay" => "0s",
    "animation-iteration-count" => "infinite",
    "animation-direction" => "alternate",
    "animation-fill-mode" => "none",
    "animation-play-state" => "running",
    "animation-name" => "globalSlide",
    "border" => "1px solid var(--colors-background-color__bcvta17)",
  },
  "responsiveThemeButton": Map {
    "box-shadow" => "rgb(255, 0, 0) 0px 0px 5px 0px",
    "animation" => "3s infinite alternate bjteyb1 ease-in-out",
    "font-family" => "MyGlobalComicSans",
    "background-color" => "rgb(128, 0, 128)",
    "color" => "rgb(255, 192, 203)",
    "animation-duration" => "3s",
    "animation-timing-function" => "ease-in-out",
    "animation-delay" => "0s",
    "animation-iteration-count" => "infinite",
    "animation-direction" => "alternate",
    "animation-fill-mode" => "none",
    "animation-play-state" => "running",
    "animation-name" => "bjteyb1",
    "border-radius" => "9999px",
    "border-top-left-radius" => "9999px",
    "border-top-right-radius" => "9999px",
    "border-bottom-right-radius" => "9999px",
    "border-bottom-left-radius" => "9999px",
    "outline" => "5px solid red",
    "outline-color" => "rgb(255, 0, 0)",
    "outline-style" => "solid",
    "outline-width" => "5px",
  },
  "responsiveThemeContainer": Map {
    "animation" => "3s infinite alternate globalSlide ease-in-out",
    "display" => "flex",
    "flex-direction" => "column",
    "gap" => "var(--space-2__ecvta17)",
    "padding" => "var(--space-3__fcvta17)",
    "animation-duration" => "3s",
    "animation-timing-function" => "ease-in-out",
    "animation-delay" => "0s",
    "animation-iteration-count" => "infinite",
    "animation-direction" => "alternate",
    "animation-fill-mode" => "none",
    "animation-play-state" => "running",
    "animation-name" => "globalSlide",
    "border" => "1px solid var(--colors-background-color__bcvta17)",
  },
  "root": Map {
    "box-shadow" => "rgb(255, 0, 0) 0px 0px 5px 0px",
  },
  "rootButton": Map {
    "box-shadow" => "rgb(255, 0, 0) 0px 0px 5px 0px",
    "animation" => "3s infinite alternate bjteyb1 ease-in-out",
    "font-family" => "ajteyb1",
    "background-color" => "rgb(0, 0, 255)",
    "color" => "rgb(255, 255, 255)",
    "animation-duration" => "3s",
    "animation-timing-function" => "ease-in-out",
    "animation-delay" => "0s",
    "animation-iteration-count" => "infinite",
    "animation-direction" => "alternate",
    "animation-fill-mode" => "none",
    "animation-play-state" => "running",
    "animation-name" => "bjteyb1",
    "border-radius" => "9999px",
    "border-top-left-radius" => "9999px",
    "border-top-right-radius" => "9999px",
    "border-bottom-right-radius" => "9999px",
    "border-bottom-left-radius" => "9999px",
  },
  "rootContainer": Map {
    "animation" => "3s infinite alternate globalSlide ease-in-out",
    "display" => "flex",
    "flex-direction" => "column",
    "gap" => "var(--space-2__ecvta17)",
    "padding" => "var(--space-3__fcvta17)",
    "animation-duration" => "3s",
    "animation-timing-function" => "ease-in-out",
    "animation-delay" => "0s",
    "animation-iteration-count" => "infinite",
    "animation-direction" => "alternate",
    "animation-fill-mode" => "none",
    "animation-play-state" => "running",
    "animation-name" => "globalSlide",
    "border" => "1px solid var(--colors-background-color__bcvta17)",
  },
}
`;

exports[`Styling and specificity Themed esbuild on mobile all builds should match 1`] = `
Object {
  "altButton": Map {
    "box-shadow" => "rgb(255, 0, 0) 0px 0px 5px 0px",
    "animation" => "3s infinite alternate bjteyb1 ease-in-out",
    "font-family" => "ajteyb1",
    "background-color" => "rgb(0, 128, 0)",
    "color" => "rgb(255, 255, 255)",
    "animation-duration" => "3s",
    "animation-timing-function" => "ease-in-out",
    "animation-delay" => "0s",
    "animation-iteration-count" => "infinite",
    "animation-direction" => "alternate",
    "animation-fill-mode" => "none",
    "animation-play-state" => "running",
    "animation-name" => "bjteyb1",
  },
  "altContainer": Map {
    "animation" => "3s infinite alternate globalSlide ease-in-out",
    "display" => "flex",
    "flex-direction" => "column",
    "gap" => "var(--space-2__ecvta17)",
    "padding" => "var(--space-3__fcvta17)",
    "animation-duration" => "3s",
    "animation-timing-function" => "ease-in-out",
    "animation-delay" => "0s",
    "animation-iteration-count" => "infinite",
    "animation-direction" => "alternate",
    "animation-fill-mode" => "none",
    "animation-play-state" => "running",
    "animation-name" => "globalSlide",
  },
  "dynamicVarsButton": Map {
    "box-shadow" => "rgb(255, 0, 0) 0px 0px 5px 0px",
    "animation" => "3s infinite alternate bjteyb1 ease-in-out",
    "font-family" => "MyGlobalComicSans",
    "background-color" => "rgb(233, 150, 122)",
    "color" => "rgb(255, 239, 213)",
    "animation-duration" => "3s",
    "animation-timing-function" => "ease-in-out",
    "animation-delay" => "0s",
    "animation-iteration-count" => "infinite",
    "animation-direction" => "alternate",
    "animation-fill-mode" => "none",
    "animation-play-state" => "running",
    "animation-name" => "bjteyb1",
    "outline" => "5px solid red",
    "outline-color" => "rgb(255, 0, 0)",
    "outline-style" => "solid",
    "outline-width" => "5px",
  },
  "dynamicVarsContainer": Map {
    "animation" => "3s infinite alternate globalSlide ease-in-out",
    "display" => "flex",
    "flex-direction" => "column",
    "gap" => "var(--space-2__ecvta17)",
    "padding" => "var(--space-3__fcvta17)",
    "animation-duration" => "3s",
    "animation-timing-function" => "ease-in-out",
    "animation-delay" => "0s",
    "animation-iteration-count" => "infinite",
    "animation-direction" => "alternate",
    "animation-fill-mode" => "none",
    "animation-play-state" => "running",
    "animation-name" => "globalSlide",
  },
  "inlineThemeButton": Map {
    "box-shadow" => "rgb(255, 0, 0) 0px 0px 5px 0px",
    "animation" => "3s infinite alternate bjteyb1 ease-in-out",
    "font-family" => "MyGlobalComicSans",
    "background-color" => "rgb(255, 165, 0)",
    "color" => "rgb(0, 0, 0)",
    "animation-duration" => "3s",
    "animation-timing-function" => "ease-in-out",
    "animation-delay" => "0s",
    "animation-iteration-count" => "infinite",
    "animation-direction" => "alternate",
    "animation-fill-mode" => "none",
    "animation-play-state" => "running",
    "animation-name" => "bjteyb1",
    "opacity" => "0.5",
    "outline" => "5px solid red",
    "outline-color" => "rgb(255, 0, 0)",
    "outline-style" => "solid",
    "outline-width" => "5px",
  },
  "inlineThemeContainer": Map {
    "animation" => "3s infinite alternate globalSlide ease-in-out",
    "display" => "flex",
    "flex-direction" => "column",
    "gap" => "var(--space-2__ecvta17)",
    "padding" => "var(--space-3__fcvta17)",
    "animation-duration" => "3s",
    "animation-timing-function" => "ease-in-out",
    "animation-delay" => "0s",
    "animation-iteration-count" => "infinite",
    "animation-direction" => "alternate",
    "animation-fill-mode" => "none",
    "animation-play-state" => "running",
    "animation-name" => "globalSlide",
  },
  "nestedRootButton": Map {
    "box-shadow" => "rgb(255, 0, 0) 0px 0px 5px 0px",
    "animation" => "3s infinite alternate bjteyb1 ease-in-out",
    "font-family" => "MyGlobalComicSans",
    "background-color" => "rgb(0, 0, 255)",
    "color" => "rgb(255, 255, 255)",
    "animation-duration" => "3s",
    "animation-timing-function" => "ease-in-out",
    "animation-delay" => "0s",
    "animation-iteration-count" => "infinite",
    "animation-direction" => "alternate",
    "animation-fill-mode" => "none",
    "animation-play-state" => "running",
    "animation-name" => "bjteyb1",
    "outline" => "5px solid red",
    "outline-color" => "rgb(255, 0, 0)",
    "outline-style" => "solid",
    "outline-width" => "5px",
  },
  "nestedRootContainer": Map {
    "animation" => "3s infinite alternate globalSlide ease-in-out",
    "display" => "flex",
    "flex-direction" => "column",
    "gap" => "var(--space-2__ecvta17)",
    "padding" => "var(--space-3__fcvta17)",
    "animation-duration" => "3s",
    "animation-timing-function" => "ease-in-out",
    "animation-delay" => "0s",
    "animation-iteration-count" => "infinite",
    "animation-direction" => "alternate",
    "animation-fill-mode" => "none",
    "animation-play-state" => "running",
    "animation-name" => "globalSlide",
  },
  "responsiveThemeButton": Map {
    "box-shadow" => "rgb(255, 0, 0) 0px 0px 5px 0px",
    "animation" => "3s infinite alternate bjteyb1 ease-in-out",
    "font-family" => "MyGlobalComicSans",
    "background-color" => "rgb(255, 192, 203)",
    "color" => "rgb(128, 0, 128)",
    "animation-duration" => "3s",
    "animation-timing-function" => "ease-in-out",
    "animation-delay" => "0s",
    "animation-iteration-count" => "infinite",
    "animation-direction" => "alternate",
    "animation-fill-mode" => "none",
    "animation-play-state" => "running",
    "animation-name" => "bjteyb1",
    "outline" => "5px solid red",
    "outline-color" => "rgb(255, 0, 0)",
    "outline-style" => "solid",
    "outline-width" => "5px",
  },
  "responsiveThemeContainer": Map {
    "animation" => "3s infinite alternate globalSlide ease-in-out",
    "display" => "flex",
    "flex-direction" => "column",
    "gap" => "var(--space-2__ecvta17)",
    "padding" => "var(--space-3__fcvta17)",
    "animation-duration" => "3s",
    "animation-timing-function" => "ease-in-out",
    "animation-delay" => "0s",
    "animation-iteration-count" => "infinite",
    "animation-direction" => "alternate",
    "animation-fill-mode" => "none",
    "animation-play-state" => "running",
    "animation-name" => "globalSlide",
  },
  "root": Map {
    "box-shadow" => "rgb(255, 0, 0) 0px 0px 5px 0px",
  },
  "rootButton": Map {
    "box-shadow" => "rgb(255, 0, 0) 0px 0px 5px 0px",
    "animation" => "3s infinite alternate bjteyb1 ease-in-out",
    "font-family" => "ajteyb1",
    "background-color" => "rgb(0, 0, 255)",
    "color" => "rgb(255, 255, 255)",
    "animation-duration" => "3s",
    "animation-timing-function" => "ease-in-out",
    "animation-delay" => "0s",
    "animation-iteration-count" => "infinite",
    "animation-direction" => "alternate",
    "animation-fill-mode" => "none",
    "animation-play-state" => "running",
    "animation-name" => "bjteyb1",
  },
  "rootContainer": Map {
    "animation" => "3s infinite alternate globalSlide ease-in-out",
    "display" => "flex",
    "flex-direction" => "column",
    "gap" => "var(--space-2__ecvta17)",
    "padding" => "var(--space-3__fcvta17)",
    "animation-duration" => "3s",
    "animation-timing-function" => "ease-in-out",
    "animation-delay" => "0s",
    "animation-iteration-count" => "infinite",
    "animation-direction" => "alternate",
    "animation-fill-mode" => "none",
    "animation-play-state" => "running",
    "animation-name" => "globalSlide",
  },
}
`;

exports[`Styling and specificity Themed esbuild-runtime on desktop all builds should match 1`] = `
Object {
  "altButton": Map {
    "box-shadow" => "rgb(255, 0, 0) 0px 0px 5px 0px",
    "animation" => "3s ease-in-out 0s infinite alternate none running bjteyb1",
    "font-family" => "ajteyb1",
    "background-color" => "rgb(0, 128, 0)",
    "color" => "rgb(255, 255, 255)",
    "animation-duration" => "3s",
    "animation-timing-function" => "ease-in-out",
    "animation-delay" => "0s",
    "animation-iteration-count" => "infinite",
    "animation-direction" => "alternate",
    "animation-fill-mode" => "none",
    "animation-play-state" => "running",
    "animation-name" => "bjteyb1",
    "border-radius" => "9999px",
    "border-top-left-radius" => "9999px",
    "border-top-right-radius" => "9999px",
    "border-bottom-right-radius" => "9999px",
    "border-bottom-left-radius" => "9999px",
  },
  "altContainer": Map {
    "animation" => "3s ease-in-out 0s infinite alternate none running globalSlide",
    "display" => "flex",
    "flex-direction" => "column",
    "gap" => "var(--space-2__ecvta17)",
    "padding" => "var(--space-3__fcvta17)",
    "animation-duration" => "3s",
    "animation-timing-function" => "ease-in-out",
    "animation-delay" => "0s",
    "animation-iteration-count" => "infinite",
    "animation-direction" => "alternate",
    "animation-fill-mode" => "none",
    "animation-play-state" => "running",
    "animation-name" => "globalSlide",
    "border" => "1px solid var(--colors-background-color__bcvta17)",
  },
  "dynamicVarsButton": Map {
    "box-shadow" => "rgb(255, 0, 0) 0px 0px 5px 0px",
    "animation" => "3s ease-in-out 0s infinite alternate none running bjteyb1",
    "font-family" => "MyGlobalComicSans",
    "background-color" => "rgb(233, 150, 122)",
    "color" => "rgb(255, 239, 213)",
    "animation-duration" => "3s",
    "animation-timing-function" => "ease-in-out",
    "animation-delay" => "0s",
    "animation-iteration-count" => "infinite",
    "animation-direction" => "alternate",
    "animation-fill-mode" => "none",
    "animation-play-state" => "running",
    "animation-name" => "bjteyb1",
    "border-radius" => "9999px",
    "border-top-left-radius" => "9999px",
    "border-top-right-radius" => "9999px",
    "border-bottom-right-radius" => "9999px",
    "border-bottom-left-radius" => "9999px",
    "outline" => "red solid 5px",
    "outline-color" => "rgb(255, 0, 0)",
    "outline-style" => "solid",
    "outline-width" => "5px",
  },
  "dynamicVarsContainer": Map {
    "animation" => "3s ease-in-out 0s infinite alternate none running globalSlide",
    "display" => "flex",
    "flex-direction" => "column",
    "gap" => "var(--space-2__ecvta17)",
    "padding" => "var(--space-3__fcvta17)",
    "animation-duration" => "3s",
    "animation-timing-function" => "ease-in-out",
    "animation-delay" => "0s",
    "animation-iteration-count" => "infinite",
    "animation-direction" => "alternate",
    "animation-fill-mode" => "none",
    "animation-play-state" => "running",
    "animation-name" => "globalSlide",
    "border" => "1px solid var(--colors-background-color__bcvta17)",
  },
  "inlineThemeButton": Map {
    "box-shadow" => "rgb(255, 0, 0) 0px 0px 5px 0px",
    "animation" => "3s ease-in-out 0s infinite alternate none running bjteyb1",
    "font-family" => "MyGlobalComicSans",
    "background-color" => "rgb(255, 165, 0)",
    "color" => "rgb(0, 0, 0)",
    "animation-duration" => "3s",
    "animation-timing-function" => "ease-in-out",
    "animation-delay" => "0s",
    "animation-iteration-count" => "infinite",
    "animation-direction" => "alternate",
    "animation-fill-mode" => "none",
    "animation-play-state" => "running",
    "animation-name" => "bjteyb1",
    "opacity" => "0.5",
    "border-radius" => "9999px",
    "border-top-left-radius" => "9999px",
    "border-top-right-radius" => "9999px",
    "border-bottom-right-radius" => "9999px",
    "border-bottom-left-radius" => "9999px",
    "outline" => "red solid 5px",
    "outline-color" => "rgb(255, 0, 0)",
    "outline-style" => "solid",
    "outline-width" => "5px",
  },
  "inlineThemeContainer": Map {
    "animation" => "3s ease-in-out 0s infinite alternate none running globalSlide",
    "display" => "flex",
    "flex-direction" => "column",
    "gap" => "var(--space-2__ecvta17)",
    "padding" => "var(--space-3__fcvta17)",
    "animation-duration" => "3s",
    "animation-timing-function" => "ease-in-out",
    "animation-delay" => "0s",
    "animation-iteration-count" => "infinite",
    "animation-direction" => "alternate",
    "animation-fill-mode" => "none",
    "animation-play-state" => "running",
    "animation-name" => "globalSlide",
    "border" => "1px solid var(--colors-background-color__bcvta17)",
  },
  "nestedRootButton": Map {
    "box-shadow" => "rgb(255, 0, 0) 0px 0px 5px 0px",
    "animation" => "3s ease-in-out 0s infinite alternate none running bjteyb1",
    "font-family" => "MyGlobalComicSans",
    "background-color" => "rgb(0, 0, 255)",
    "color" => "rgb(255, 255, 255)",
    "animation-duration" => "3s",
    "animation-timing-function" => "ease-in-out",
    "animation-delay" => "0s",
    "animation-iteration-count" => "infinite",
    "animation-direction" => "alternate",
    "animation-fill-mode" => "none",
    "animation-play-state" => "running",
    "animation-name" => "bjteyb1",
    "border-radius" => "9999px",
    "border-top-left-radius" => "9999px",
    "border-top-right-radius" => "9999px",
    "border-bottom-right-radius" => "9999px",
    "border-bottom-left-radius" => "9999px",
    "outline" => "red solid 5px",
    "outline-color" => "rgb(255, 0, 0)",
    "outline-style" => "solid",
    "outline-width" => "5px",
  },
  "nestedRootContainer": Map {
    "animation" => "3s ease-in-out 0s infinite alternate none running globalSlide",
    "display" => "flex",
    "flex-direction" => "column",
    "gap" => "var(--space-2__ecvta17)",
    "padding" => "var(--space-3__fcvta17)",
    "animation-duration" => "3s",
    "animation-timing-function" => "ease-in-out",
    "animation-delay" => "0s",
    "animation-iteration-count" => "infinite",
    "animation-direction" => "alternate",
    "animation-fill-mode" => "none",
    "animation-play-state" => "running",
    "animation-name" => "globalSlide",
    "border" => "1px solid var(--colors-background-color__bcvta17)",
  },
  "responsiveThemeButton": Map {
    "box-shadow" => "rgb(255, 0, 0) 0px 0px 5px 0px",
    "animation" => "3s ease-in-out 0s infinite alternate none running bjteyb1",
    "font-family" => "MyGlobalComicSans",
    "background-color" => "rgb(128, 0, 128)",
    "color" => "rgb(255, 192, 203)",
    "animation-duration" => "3s",
    "animation-timing-function" => "ease-in-out",
    "animation-delay" => "0s",
    "animation-iteration-count" => "infinite",
    "animation-direction" => "alternate",
    "animation-fill-mode" => "none",
    "animation-play-state" => "running",
    "animation-name" => "bjteyb1",
    "border-radius" => "9999px",
    "border-top-left-radius" => "9999px",
    "border-top-right-radius" => "9999px",
    "border-bottom-right-radius" => "9999px",
    "border-bottom-left-radius" => "9999px",
    "outline" => "red solid 5px",
    "outline-color" => "rgb(255, 0, 0)",
    "outline-style" => "solid",
    "outline-width" => "5px",
  },
  "responsiveThemeContainer": Map {
    "animation" => "3s ease-in-out 0s infinite alternate none running globalSlide",
    "display" => "flex",
    "flex-direction" => "column",
    "gap" => "var(--space-2__ecvta17)",
    "padding" => "var(--space-3__fcvta17)",
    "animation-duration" => "3s",
    "animation-timing-function" => "ease-in-out",
    "animation-delay" => "0s",
    "animation-iteration-count" => "infinite",
    "animation-direction" => "alternate",
    "animation-fill-mode" => "none",
    "animation-play-state" => "running",
    "animation-name" => "globalSlide",
    "border" => "1px solid var(--colors-background-color__bcvta17)",
  },
  "root": Map {
    "box-shadow" => "rgb(255, 0, 0) 0px 0px 5px 0px",
  },
  "rootButton": Map {
    "box-shadow" => "rgb(255, 0, 0) 0px 0px 5px 0px",
    "animation" => "3s ease-in-out 0s infinite alternate none running bjteyb1",
    "font-family" => "ajteyb1",
    "background-color" => "rgb(0, 0, 255)",
    "color" => "rgb(255, 255, 255)",
    "animation-duration" => "3s",
    "animation-timing-function" => "ease-in-out",
    "animation-delay" => "0s",
    "animation-iteration-count" => "infinite",
    "animation-direction" => "alternate",
    "animation-fill-mode" => "none",
    "animation-play-state" => "running",
    "animation-name" => "bjteyb1",
    "border-radius" => "9999px",
    "border-top-left-radius" => "9999px",
    "border-top-right-radius" => "9999px",
    "border-bottom-right-radius" => "9999px",
    "border-bottom-left-radius" => "9999px",
  },
  "rootContainer": Map {
    "animation" => "3s ease-in-out 0s infinite alternate none running globalSlide",
    "display" => "flex",
    "flex-direction" => "column",
    "gap" => "var(--space-2__ecvta17)",
    "padding" => "var(--space-3__fcvta17)",
    "animation-duration" => "3s",
    "animation-timing-function" => "ease-in-out",
    "animation-delay" => "0s",
    "animation-iteration-count" => "infinite",
    "animation-direction" => "alternate",
    "animation-fill-mode" => "none",
    "animation-play-state" => "running",
    "animation-name" => "globalSlide",
    "border" => "1px solid var(--colors-background-color__bcvta17)",
  },
}
`;

exports[`Styling and specificity Themed esbuild-runtime on mobile all builds should match 1`] = `
Object {
  "altButton": Map {
    "box-shadow" => "rgb(255, 0, 0) 0px 0px 5px 0px",
    "animation" => "3s ease-in-out 0s infinite alternate none running bjteyb1",
    "font-family" => "ajteyb1",
    "background-color" => "rgb(0, 128, 0)",
    "color" => "rgb(255, 255, 255)",
    "animation-duration" => "3s",
    "animation-timing-function" => "ease-in-out",
    "animation-delay" => "0s",
    "animation-iteration-count" => "infinite",
    "animation-direction" => "alternate",
    "animation-fill-mode" => "none",
    "animation-play-state" => "running",
    "animation-name" => "bjteyb1",
  },
  "altContainer": Map {
    "animation" => "3s ease-in-out 0s infinite alternate none running globalSlide",
    "display" => "flex",
    "flex-direction" => "column",
    "gap" => "var(--space-2__ecvta17)",
    "padding" => "var(--space-3__fcvta17)",
    "animation-duration" => "3s",
    "animation-timing-function" => "ease-in-out",
    "animation-delay" => "0s",
    "animation-iteration-count" => "infinite",
    "animation-direction" => "alternate",
    "animation-fill-mode" => "none",
    "animation-play-state" => "running",
    "animation-name" => "globalSlide",
  },
  "dynamicVarsButton": Map {
    "box-shadow" => "rgb(255, 0, 0) 0px 0px 5px 0px",
    "animation" => "3s ease-in-out 0s infinite alternate none running bjteyb1",
    "font-family" => "MyGlobalComicSans",
    "background-color" => "rgb(233, 150, 122)",
    "color" => "rgb(255, 239, 213)",
    "animation-duration" => "3s",
    "animation-timing-function" => "ease-in-out",
    "animation-delay" => "0s",
    "animation-iteration-count" => "infinite",
    "animation-direction" => "alternate",
    "animation-fill-mode" => "none",
    "animation-play-state" => "running",
    "animation-name" => "bjteyb1",
    "outline" => "red solid 5px",
    "outline-color" => "rgb(255, 0, 0)",
    "outline-style" => "solid",
    "outline-width" => "5px",
  },
  "dynamicVarsContainer": Map {
    "animation" => "3s ease-in-out 0s infinite alternate none running globalSlide",
    "display" => "flex",
    "flex-direction" => "column",
    "gap" => "var(--space-2__ecvta17)",
    "padding" => "var(--space-3__fcvta17)",
    "animation-duration" => "3s",
    "animation-timing-function" => "ease-in-out",
    "animation-delay" => "0s",
    "animation-iteration-count" => "infinite",
    "animation-direction" => "alternate",
    "animation-fill-mode" => "none",
    "animation-play-state" => "running",
    "animation-name" => "globalSlide",
  },
  "inlineThemeButton": Map {
    "box-shadow" => "rgb(255, 0, 0) 0px 0px 5px 0px",
    "animation" => "3s ease-in-out 0s infinite alternate none running bjteyb1",
    "font-family" => "MyGlobalComicSans",
    "background-color" => "rgb(255, 165, 0)",
    "color" => "rgb(0, 0, 0)",
    "animation-duration" => "3s",
    "animation-timing-function" => "ease-in-out",
    "animation-delay" => "0s",
    "animation-iteration-count" => "infinite",
    "animation-direction" => "alternate",
    "animation-fill-mode" => "none",
    "animation-play-state" => "running",
    "animation-name" => "bjteyb1",
    "opacity" => "0.5",
    "outline" => "red solid 5px",
    "outline-color" => "rgb(255, 0, 0)",
    "outline-style" => "solid",
    "outline-width" => "5px",
  },
  "inlineThemeContainer": Map {
    "animation" => "3s ease-in-out 0s infinite alternate none running globalSlide",
    "display" => "flex",
    "flex-direction" => "column",
    "gap" => "var(--space-2__ecvta17)",
    "padding" => "var(--space-3__fcvta17)",
    "animation-duration" => "3s",
    "animation-timing-function" => "ease-in-out",
    "animation-delay" => "0s",
    "animation-iteration-count" => "infinite",
    "animation-direction" => "alternate",
    "animation-fill-mode" => "none",
    "animation-play-state" => "running",
    "animation-name" => "globalSlide",
  },
  "nestedRootButton": Map {
    "box-shadow" => "rgb(255, 0, 0) 0px 0px 5px 0px",
    "animation" => "3s ease-in-out 0s infinite alternate none running bjteyb1",
    "font-family" => "MyGlobalComicSans",
    "background-color" => "rgb(0, 0, 255)",
    "color" => "rgb(255, 255, 255)",
    "animation-duration" => "3s",
    "animation-timing-function" => "ease-in-out",
    "animation-delay" => "0s",
    "animation-iteration-count" => "infinite",
    "animation-direction" => "alternate",
    "animation-fill-mode" => "none",
    "animation-play-state" => "running",
    "animation-name" => "bjteyb1",
    "outline" => "red solid 5px",
    "outline-color" => "rgb(255, 0, 0)",
    "outline-style" => "solid",
    "outline-width" => "5px",
  },
  "nestedRootContainer": Map {
    "animation" => "3s ease-in-out 0s infinite alternate none running globalSlide",
    "display" => "flex",
    "flex-direction" => "column",
    "gap" => "var(--space-2__ecvta17)",
    "padding" => "var(--space-3__fcvta17)",
    "animation-duration" => "3s",
    "animation-timing-function" => "ease-in-out",
    "animation-delay" => "0s",
    "animation-iteration-count" => "infinite",
    "animation-direction" => "alternate",
    "animation-fill-mode" => "none",
    "animation-play-state" => "running",
    "animation-name" => "globalSlide",
  },
  "responsiveThemeButton": Map {
    "box-shadow" => "rgb(255, 0, 0) 0px 0px 5px 0px",
    "animation" => "3s ease-in-out 0s infinite alternate none running bjteyb1",
    "font-family" => "MyGlobalComicSans",
    "background-color" => "rgb(255, 192, 203)",
    "color" => "rgb(128, 0, 128)",
    "animation-duration" => "3s",
    "animation-timing-function" => "ease-in-out",
    "animation-delay" => "0s",
    "animation-iteration-count" => "infinite",
    "animation-direction" => "alternate",
    "animation-fill-mode" => "none",
    "animation-play-state" => "running",
    "animation-name" => "bjteyb1",
    "outline" => "red solid 5px",
    "outline-color" => "rgb(255, 0, 0)",
    "outline-style" => "solid",
    "outline-width" => "5px",
  },
  "responsiveThemeContainer": Map {
    "animation" => "3s ease-in-out 0s infinite alternate none running globalSlide",
    "display" => "flex",
    "flex-direction" => "column",
    "gap" => "var(--space-2__ecvta17)",
    "padding" => "var(--space-3__fcvta17)",
    "animation-duration" => "3s",
    "animation-timing-function" => "ease-in-out",
    "animation-delay" => "0s",
    "animation-iteration-count" => "infinite",
    "animation-direction" => "alternate",
    "animation-fill-mode" => "none",
    "animation-play-state" => "running",
    "animation-name" => "globalSlide",
  },
  "root": Map {
    "box-shadow" => "rgb(255, 0, 0) 0px 0px 5px 0px",
  },
  "rootButton": Map {
    "box-shadow" => "rgb(255, 0, 0) 0px 0px 5px 0px",
    "animation" => "3s ease-in-out 0s infinite alternate none running bjteyb1",
    "font-family" => "ajteyb1",
    "background-color" => "rgb(0, 0, 255)",
    "color" => "rgb(255, 255, 255)",
    "animation-duration" => "3s",
    "animation-timing-function" => "ease-in-out",
    "animation-delay" => "0s",
    "animation-iteration-count" => "infinite",
    "animation-direction" => "alternate",
    "animation-fill-mode" => "none",
    "animation-play-state" => "running",
    "animation-name" => "bjteyb1",
  },
  "rootContainer": Map {
    "animation" => "3s ease-in-out 0s infinite alternate none running globalSlide",
    "display" => "flex",
    "flex-direction" => "column",
    "gap" => "var(--space-2__ecvta17)",
    "padding" => "var(--space-3__fcvta17)",
    "animation-duration" => "3s",
    "animation-timing-function" => "ease-in-out",
    "animation-delay" => "0s",
    "animation-iteration-count" => "infinite",
    "animation-direction" => "alternate",
    "animation-fill-mode" => "none",
    "animation-play-state" => "running",
    "animation-name" => "globalSlide",
  },
}
`;

exports[`Styling and specificity Themed mini-css-extract on desktop all builds should match 1`] = `
Object {
  "altButton": Map {
    "box-shadow" => "rgb(255, 0, 0) 0px 0px 5px 0px",
    "animation" => "3s infinite alternate styles_slide__bblj6yb ease-in-out",
    "font-family" => "styles_impact__ablj6yb",
    "background-color" => "rgb(0, 128, 0)",
    "color" => "rgb(255, 255, 255)",
    "animation-duration" => "3s",
    "animation-timing-function" => "ease-in-out",
    "animation-delay" => "0s",
    "animation-iteration-count" => "infinite",
    "animation-direction" => "alternate",
    "animation-fill-mode" => "none",
    "animation-play-state" => "running",
    "animation-name" => "styles_slide__bblj6yb",
    "border-radius" => "9999px",
    "border-top-left-radius" => "9999px",
    "border-top-right-radius" => "9999px",
    "border-bottom-right-radius" => "9999px",
    "border-bottom-left-radius" => "9999px",
  },
  "altContainer": Map {
    "animation" => "3s infinite alternate globalSlide ease-in-out",
    "display" => "flex",
    "flex-direction" => "column",
    "gap" => "var(--space-2__ecdwe0v)",
    "padding" => "var(--space-3__fcdwe0v)",
    "animation-duration" => "3s",
    "animation-timing-function" => "ease-in-out",
    "animation-delay" => "0s",
    "animation-iteration-count" => "infinite",
    "animation-direction" => "alternate",
    "animation-fill-mode" => "none",
    "animation-play-state" => "running",
    "animation-name" => "globalSlide",
    "border" => "1px solid var(--colors-background-color__bcdwe0v)",
  },
  "dynamicVarsButton": Map {
    "box-shadow" => "rgb(255, 0, 0) 0px 0px 5px 0px",
    "animation" => "3s infinite alternate styles_slide__bblj6yb ease-in-out",
    "font-family" => "MyGlobalComicSans",
    "background-color" => "rgb(233, 150, 122)",
    "color" => "rgb(255, 239, 213)",
    "animation-duration" => "3s",
    "animation-timing-function" => "ease-in-out",
    "animation-delay" => "0s",
    "animation-iteration-count" => "infinite",
    "animation-direction" => "alternate",
    "animation-fill-mode" => "none",
    "animation-play-state" => "running",
    "animation-name" => "styles_slide__bblj6yb",
    "border-radius" => "9999px",
    "border-top-left-radius" => "9999px",
    "border-top-right-radius" => "9999px",
    "border-bottom-right-radius" => "9999px",
    "border-bottom-left-radius" => "9999px",
    "outline" => "5px solid red",
    "outline-color" => "rgb(255, 0, 0)",
    "outline-style" => "solid",
    "outline-width" => "5px",
  },
  "dynamicVarsContainer": Map {
    "animation" => "3s infinite alternate globalSlide ease-in-out",
    "display" => "flex",
    "flex-direction" => "column",
    "gap" => "var(--space-2__ecdwe0v)",
    "padding" => "var(--space-3__fcdwe0v)",
    "animation-duration" => "3s",
    "animation-timing-function" => "ease-in-out",
    "animation-delay" => "0s",
    "animation-iteration-count" => "infinite",
    "animation-direction" => "alternate",
    "animation-fill-mode" => "none",
    "animation-play-state" => "running",
    "animation-name" => "globalSlide",
    "border" => "1px solid var(--colors-background-color__bcdwe0v)",
  },
  "inlineThemeButton": Map {
    "box-shadow" => "rgb(255, 0, 0) 0px 0px 5px 0px",
    "animation" => "3s infinite alternate styles_slide__bblj6yb ease-in-out",
    "font-family" => "MyGlobalComicSans",
    "background-color" => "rgb(255, 165, 0)",
    "color" => "rgb(0, 0, 0)",
    "animation-duration" => "3s",
    "animation-timing-function" => "ease-in-out",
    "animation-delay" => "0s",
    "animation-iteration-count" => "infinite",
    "animation-direction" => "alternate",
    "animation-fill-mode" => "none",
    "animation-play-state" => "running",
    "animation-name" => "styles_slide__bblj6yb",
    "opacity" => "0.5",
    "border-radius" => "9999px",
    "border-top-left-radius" => "9999px",
    "border-top-right-radius" => "9999px",
    "border-bottom-right-radius" => "9999px",
    "border-bottom-left-radius" => "9999px",
    "outline" => "5px solid red",
    "outline-color" => "rgb(255, 0, 0)",
    "outline-style" => "solid",
    "outline-width" => "5px",
  },
  "inlineThemeContainer": Map {
    "animation" => "3s infinite alternate globalSlide ease-in-out",
    "display" => "flex",
    "flex-direction" => "column",
    "gap" => "var(--space-2__ecdwe0v)",
    "padding" => "var(--space-3__fcdwe0v)",
    "animation-duration" => "3s",
    "animation-timing-function" => "ease-in-out",
    "animation-delay" => "0s",
    "animation-iteration-count" => "infinite",
    "animation-direction" => "alternate",
    "animation-fill-mode" => "none",
    "animation-play-state" => "running",
    "animation-name" => "globalSlide",
    "border" => "1px solid var(--colors-background-color__bcdwe0v)",
  },
  "nestedRootButton": Map {
    "box-shadow" => "rgb(255, 0, 0) 0px 0px 5px 0px",
    "animation" => "3s infinite alternate styles_slide__bblj6yb ease-in-out",
    "font-family" => "MyGlobalComicSans",
    "background-color" => "rgb(0, 0, 255)",
    "color" => "rgb(255, 255, 255)",
    "animation-duration" => "3s",
    "animation-timing-function" => "ease-in-out",
    "animation-delay" => "0s",
    "animation-iteration-count" => "infinite",
    "animation-direction" => "alternate",
    "animation-fill-mode" => "none",
    "animation-play-state" => "running",
    "animation-name" => "styles_slide__bblj6yb",
    "border-radius" => "9999px",
    "border-top-left-radius" => "9999px",
    "border-top-right-radius" => "9999px",
    "border-bottom-right-radius" => "9999px",
    "border-bottom-left-radius" => "9999px",
    "outline" => "5px solid red",
    "outline-color" => "rgb(255, 0, 0)",
    "outline-style" => "solid",
    "outline-width" => "5px",
  },
  "nestedRootContainer": Map {
    "animation" => "3s infinite alternate globalSlide ease-in-out",
    "display" => "flex",
    "flex-direction" => "column",
    "gap" => "var(--space-2__ecdwe0v)",
    "padding" => "var(--space-3__fcdwe0v)",
    "animation-duration" => "3s",
    "animation-timing-function" => "ease-in-out",
    "animation-delay" => "0s",
    "animation-iteration-count" => "infinite",
    "animation-direction" => "alternate",
    "animation-fill-mode" => "none",
    "animation-play-state" => "running",
    "animation-name" => "globalSlide",
    "border" => "1px solid var(--colors-background-color__bcdwe0v)",
  },
  "responsiveThemeButton": Map {
    "box-shadow" => "rgb(255, 0, 0) 0px 0px 5px 0px",
    "animation" => "3s infinite alternate styles_slide__bblj6yb ease-in-out",
    "font-family" => "MyGlobalComicSans",
    "background-color" => "rgb(128, 0, 128)",
    "color" => "rgb(255, 192, 203)",
    "animation-duration" => "3s",
    "animation-timing-function" => "ease-in-out",
    "animation-delay" => "0s",
    "animation-iteration-count" => "infinite",
    "animation-direction" => "alternate",
    "animation-fill-mode" => "none",
    "animation-play-state" => "running",
    "animation-name" => "styles_slide__bblj6yb",
    "border-radius" => "9999px",
    "border-top-left-radius" => "9999px",
    "border-top-right-radius" => "9999px",
    "border-bottom-right-radius" => "9999px",
    "border-bottom-left-radius" => "9999px",
    "outline" => "5px solid red",
    "outline-color" => "rgb(255, 0, 0)",
    "outline-style" => "solid",
    "outline-width" => "5px",
  },
  "responsiveThemeContainer": Map {
    "animation" => "3s infinite alternate globalSlide ease-in-out",
    "display" => "flex",
    "flex-direction" => "column",
    "gap" => "var(--space-2__ecdwe0v)",
    "padding" => "var(--space-3__fcdwe0v)",
    "animation-duration" => "3s",
    "animation-timing-function" => "ease-in-out",
    "animation-delay" => "0s",
    "animation-iteration-count" => "infinite",
    "animation-direction" => "alternate",
    "animation-fill-mode" => "none",
    "animation-play-state" => "running",
    "animation-name" => "globalSlide",
    "border" => "1px solid var(--colors-background-color__bcdwe0v)",
  },
  "root": Map {
    "box-shadow" => "rgb(255, 0, 0) 0px 0px 5px 0px",
  },
  "rootButton": Map {
    "box-shadow" => "rgb(255, 0, 0) 0px 0px 5px 0px",
    "animation" => "3s infinite alternate styles_slide__bblj6yb ease-in-out",
    "font-family" => "styles_impact__ablj6yb",
    "background-color" => "rgb(0, 0, 255)",
    "color" => "rgb(255, 255, 255)",
    "animation-duration" => "3s",
    "animation-timing-function" => "ease-in-out",
    "animation-delay" => "0s",
    "animation-iteration-count" => "infinite",
    "animation-direction" => "alternate",
    "animation-fill-mode" => "none",
    "animation-play-state" => "running",
    "animation-name" => "styles_slide__bblj6yb",
    "border-radius" => "9999px",
    "border-top-left-radius" => "9999px",
    "border-top-right-radius" => "9999px",
    "border-bottom-right-radius" => "9999px",
    "border-bottom-left-radius" => "9999px",
  },
  "rootContainer": Map {
    "animation" => "3s infinite alternate globalSlide ease-in-out",
    "display" => "flex",
    "flex-direction" => "column",
    "gap" => "var(--space-2__ecdwe0v)",
    "padding" => "var(--space-3__fcdwe0v)",
    "animation-duration" => "3s",
    "animation-timing-function" => "ease-in-out",
    "animation-delay" => "0s",
    "animation-iteration-count" => "infinite",
    "animation-direction" => "alternate",
    "animation-fill-mode" => "none",
    "animation-play-state" => "running",
    "animation-name" => "globalSlide",
    "border" => "1px solid var(--colors-background-color__bcdwe0v)",
  },
}
`;

exports[`Styling and specificity Themed mini-css-extract on mobile all builds should match 1`] = `
Object {
  "altButton": Map {
    "box-shadow" => "rgb(255, 0, 0) 0px 0px 5px 0px",
    "animation" => "3s infinite alternate styles_slide__bblj6yb ease-in-out",
    "font-family" => "styles_impact__ablj6yb",
    "background-color" => "rgb(0, 128, 0)",
    "color" => "rgb(255, 255, 255)",
    "animation-duration" => "3s",
    "animation-timing-function" => "ease-in-out",
    "animation-delay" => "0s",
    "animation-iteration-count" => "infinite",
    "animation-direction" => "alternate",
    "animation-fill-mode" => "none",
    "animation-play-state" => "running",
    "animation-name" => "styles_slide__bblj6yb",
  },
  "altContainer": Map {
    "animation" => "3s infinite alternate globalSlide ease-in-out",
    "display" => "flex",
    "flex-direction" => "column",
    "gap" => "var(--space-2__ecdwe0v)",
    "padding" => "var(--space-3__fcdwe0v)",
    "animation-duration" => "3s",
    "animation-timing-function" => "ease-in-out",
    "animation-delay" => "0s",
    "animation-iteration-count" => "infinite",
    "animation-direction" => "alternate",
    "animation-fill-mode" => "none",
    "animation-play-state" => "running",
    "animation-name" => "globalSlide",
  },
  "dynamicVarsButton": Map {
    "box-shadow" => "rgb(255, 0, 0) 0px 0px 5px 0px",
    "animation" => "3s infinite alternate styles_slide__bblj6yb ease-in-out",
    "font-family" => "MyGlobalComicSans",
    "background-color" => "rgb(233, 150, 122)",
    "color" => "rgb(255, 239, 213)",
    "animation-duration" => "3s",
    "animation-timing-function" => "ease-in-out",
    "animation-delay" => "0s",
    "animation-iteration-count" => "infinite",
    "animation-direction" => "alternate",
    "animation-fill-mode" => "none",
    "animation-play-state" => "running",
    "animation-name" => "styles_slide__bblj6yb",
    "outline" => "5px solid red",
    "outline-color" => "rgb(255, 0, 0)",
    "outline-style" => "solid",
    "outline-width" => "5px",
  },
  "dynamicVarsContainer": Map {
    "animation" => "3s infinite alternate globalSlide ease-in-out",
    "display" => "flex",
    "flex-direction" => "column",
    "gap" => "var(--space-2__ecdwe0v)",
    "padding" => "var(--space-3__fcdwe0v)",
    "animation-duration" => "3s",
    "animation-timing-function" => "ease-in-out",
    "animation-delay" => "0s",
    "animation-iteration-count" => "infinite",
    "animation-direction" => "alternate",
    "animation-fill-mode" => "none",
    "animation-play-state" => "running",
    "animation-name" => "globalSlide",
  },
  "inlineThemeButton": Map {
    "box-shadow" => "rgb(255, 0, 0) 0px 0px 5px 0px",
    "animation" => "3s infinite alternate styles_slide__bblj6yb ease-in-out",
    "font-family" => "MyGlobalComicSans",
    "background-color" => "rgb(255, 165, 0)",
    "color" => "rgb(0, 0, 0)",
    "animation-duration" => "3s",
    "animation-timing-function" => "ease-in-out",
    "animation-delay" => "0s",
    "animation-iteration-count" => "infinite",
    "animation-direction" => "alternate",
    "animation-fill-mode" => "none",
    "animation-play-state" => "running",
    "animation-name" => "styles_slide__bblj6yb",
    "opacity" => "0.5",
    "outline" => "5px solid red",
    "outline-color" => "rgb(255, 0, 0)",
    "outline-style" => "solid",
    "outline-width" => "5px",
  },
  "inlineThemeContainer": Map {
    "animation" => "3s infinite alternate globalSlide ease-in-out",
    "display" => "flex",
    "flex-direction" => "column",
    "gap" => "var(--space-2__ecdwe0v)",
    "padding" => "var(--space-3__fcdwe0v)",
    "animation-duration" => "3s",
    "animation-timing-function" => "ease-in-out",
    "animation-delay" => "0s",
    "animation-iteration-count" => "infinite",
    "animation-direction" => "alternate",
    "animation-fill-mode" => "none",
    "animation-play-state" => "running",
    "animation-name" => "globalSlide",
  },
  "nestedRootButton": Map {
    "box-shadow" => "rgb(255, 0, 0) 0px 0px 5px 0px",
    "animation" => "3s infinite alternate styles_slide__bblj6yb ease-in-out",
    "font-family" => "MyGlobalComicSans",
    "background-color" => "rgb(0, 0, 255)",
    "color" => "rgb(255, 255, 255)",
    "animation-duration" => "3s",
    "animation-timing-function" => "ease-in-out",
    "animation-delay" => "0s",
    "animation-iteration-count" => "infinite",
    "animation-direction" => "alternate",
    "animation-fill-mode" => "none",
    "animation-play-state" => "running",
    "animation-name" => "styles_slide__bblj6yb",
    "outline" => "5px solid red",
    "outline-color" => "rgb(255, 0, 0)",
    "outline-style" => "solid",
    "outline-width" => "5px",
  },
  "nestedRootContainer": Map {
    "animation" => "3s infinite alternate globalSlide ease-in-out",
    "display" => "flex",
    "flex-direction" => "column",
    "gap" => "var(--space-2__ecdwe0v)",
    "padding" => "var(--space-3__fcdwe0v)",
    "animation-duration" => "3s",
    "animation-timing-function" => "ease-in-out",
    "animation-delay" => "0s",
    "animation-iteration-count" => "infinite",
    "animation-direction" => "alternate",
    "animation-fill-mode" => "none",
    "animation-play-state" => "running",
    "animation-name" => "globalSlide",
  },
  "responsiveThemeButton": Map {
    "box-shadow" => "rgb(255, 0, 0) 0px 0px 5px 0px",
    "animation" => "3s infinite alternate styles_slide__bblj6yb ease-in-out",
    "font-family" => "MyGlobalComicSans",
    "background-color" => "rgb(255, 192, 203)",
    "color" => "rgb(128, 0, 128)",
    "animation-duration" => "3s",
    "animation-timing-function" => "ease-in-out",
    "animation-delay" => "0s",
    "animation-iteration-count" => "infinite",
    "animation-direction" => "alternate",
    "animation-fill-mode" => "none",
    "animation-play-state" => "running",
    "animation-name" => "styles_slide__bblj6yb",
    "outline" => "5px solid red",
    "outline-color" => "rgb(255, 0, 0)",
    "outline-style" => "solid",
    "outline-width" => "5px",
  },
  "responsiveThemeContainer": Map {
    "animation" => "3s infinite alternate globalSlide ease-in-out",
    "display" => "flex",
    "flex-direction" => "column",
    "gap" => "var(--space-2__ecdwe0v)",
    "padding" => "var(--space-3__fcdwe0v)",
    "animation-duration" => "3s",
    "animation-timing-function" => "ease-in-out",
    "animation-delay" => "0s",
    "animation-iteration-count" => "infinite",
    "animation-direction" => "alternate",
    "animation-fill-mode" => "none",
    "animation-play-state" => "running",
    "animation-name" => "globalSlide",
  },
  "root": Map {
    "box-shadow" => "rgb(255, 0, 0) 0px 0px 5px 0px",
  },
  "rootButton": Map {
    "box-shadow" => "rgb(255, 0, 0) 0px 0px 5px 0px",
    "animation" => "3s infinite alternate styles_slide__bblj6yb ease-in-out",
    "font-family" => "styles_impact__ablj6yb",
    "background-color" => "rgb(0, 0, 255)",
    "color" => "rgb(255, 255, 255)",
    "animation-duration" => "3s",
    "animation-timing-function" => "ease-in-out",
    "animation-delay" => "0s",
    "animation-iteration-count" => "infinite",
    "animation-direction" => "alternate",
    "animation-fill-mode" => "none",
    "animation-play-state" => "running",
    "animation-name" => "styles_slide__bblj6yb",
  },
  "rootContainer": Map {
    "animation" => "3s infinite alternate globalSlide ease-in-out",
    "display" => "flex",
    "flex-direction" => "column",
    "gap" => "var(--space-2__ecdwe0v)",
    "padding" => "var(--space-3__fcdwe0v)",
    "animation-duration" => "3s",
    "animation-timing-function" => "ease-in-out",
    "animation-delay" => "0s",
    "animation-iteration-count" => "infinite",
    "animation-direction" => "alternate",
    "animation-fill-mode" => "none",
    "animation-play-state" => "running",
    "animation-name" => "globalSlide",
  },
}
`;

exports[`Styling and specificity Themed style-loader on desktop all builds should match 1`] = `
Object {
  "altButton": Map {
    "box-shadow" => "rgb(255, 0, 0) 0px 0px 5px 0px",
    "animation" => "3s infinite alternate styles_slide__bblj6yb ease-in-out",
    "font-family" => "styles_impact__ablj6yb",
    "background-color" => "rgb(0, 128, 0)",
    "color" => "rgb(255, 255, 255)",
    "animation-duration" => "3s",
    "animation-timing-function" => "ease-in-out",
    "animation-delay" => "0s",
    "animation-iteration-count" => "infinite",
    "animation-direction" => "alternate",
    "animation-fill-mode" => "none",
    "animation-play-state" => "running",
    "animation-name" => "styles_slide__bblj6yb",
    "border-radius" => "9999px",
    "border-top-left-radius" => "9999px",
    "border-top-right-radius" => "9999px",
    "border-bottom-right-radius" => "9999px",
    "border-bottom-left-radius" => "9999px",
  },
  "altContainer": Map {
    "animation" => "3s infinite alternate globalSlide ease-in-out",
    "display" => "flex",
    "flex-direction" => "column",
    "gap" => "var(--space-2__ecdwe0v)",
    "padding" => "var(--space-3__fcdwe0v)",
    "animation-duration" => "3s",
    "animation-timing-function" => "ease-in-out",
    "animation-delay" => "0s",
    "animation-iteration-count" => "infinite",
    "animation-direction" => "alternate",
    "animation-fill-mode" => "none",
    "animation-play-state" => "running",
    "animation-name" => "globalSlide",
    "border" => "1px solid var(--colors-background-color__bcdwe0v)",
  },
  "dynamicVarsButton": Map {
    "box-shadow" => "rgb(255, 0, 0) 0px 0px 5px 0px",
    "animation" => "3s infinite alternate styles_slide__bblj6yb ease-in-out",
    "font-family" => "MyGlobalComicSans",
    "background-color" => "rgb(233, 150, 122)",
    "color" => "rgb(255, 239, 213)",
    "animation-duration" => "3s",
    "animation-timing-function" => "ease-in-out",
    "animation-delay" => "0s",
    "animation-iteration-count" => "infinite",
    "animation-direction" => "alternate",
    "animation-fill-mode" => "none",
    "animation-play-state" => "running",
    "animation-name" => "styles_slide__bblj6yb",
    "border-radius" => "9999px",
    "border-top-left-radius" => "9999px",
    "border-top-right-radius" => "9999px",
    "border-bottom-right-radius" => "9999px",
    "border-bottom-left-radius" => "9999px",
    "outline" => "5px solid red",
    "outline-color" => "rgb(255, 0, 0)",
    "outline-style" => "solid",
    "outline-width" => "5px",
  },
  "dynamicVarsContainer": Map {
    "animation" => "3s infinite alternate globalSlide ease-in-out",
    "display" => "flex",
    "flex-direction" => "column",
    "gap" => "var(--space-2__ecdwe0v)",
    "padding" => "var(--space-3__fcdwe0v)",
    "animation-duration" => "3s",
    "animation-timing-function" => "ease-in-out",
    "animation-delay" => "0s",
    "animation-iteration-count" => "infinite",
    "animation-direction" => "alternate",
    "animation-fill-mode" => "none",
    "animation-play-state" => "running",
    "animation-name" => "globalSlide",
    "border" => "1px solid var(--colors-background-color__bcdwe0v)",
  },
  "inlineThemeButton": Map {
    "box-shadow" => "rgb(255, 0, 0) 0px 0px 5px 0px",
    "animation" => "3s infinite alternate styles_slide__bblj6yb ease-in-out",
    "font-family" => "MyGlobalComicSans",
    "background-color" => "rgb(255, 165, 0)",
    "color" => "rgb(0, 0, 0)",
    "animation-duration" => "3s",
    "animation-timing-function" => "ease-in-out",
    "animation-delay" => "0s",
    "animation-iteration-count" => "infinite",
    "animation-direction" => "alternate",
    "animation-fill-mode" => "none",
    "animation-play-state" => "running",
    "animation-name" => "styles_slide__bblj6yb",
    "opacity" => "0.5",
    "border-radius" => "9999px",
    "border-top-left-radius" => "9999px",
    "border-top-right-radius" => "9999px",
    "border-bottom-right-radius" => "9999px",
    "border-bottom-left-radius" => "9999px",
    "outline" => "5px solid red",
    "outline-color" => "rgb(255, 0, 0)",
    "outline-style" => "solid",
    "outline-width" => "5px",
  },
  "inlineThemeContainer": Map {
    "animation" => "3s infinite alternate globalSlide ease-in-out",
    "display" => "flex",
    "flex-direction" => "column",
    "gap" => "var(--space-2__ecdwe0v)",
    "padding" => "var(--space-3__fcdwe0v)",
    "animation-duration" => "3s",
    "animation-timing-function" => "ease-in-out",
    "animation-delay" => "0s",
    "animation-iteration-count" => "infinite",
    "animation-direction" => "alternate",
    "animation-fill-mode" => "none",
    "animation-play-state" => "running",
    "animation-name" => "globalSlide",
    "border" => "1px solid var(--colors-background-color__bcdwe0v)",
  },
  "nestedRootButton": Map {
    "box-shadow" => "rgb(255, 0, 0) 0px 0px 5px 0px",
    "animation" => "3s infinite alternate styles_slide__bblj6yb ease-in-out",
    "font-family" => "MyGlobalComicSans",
    "background-color" => "rgb(0, 0, 255)",
    "color" => "rgb(255, 255, 255)",
    "animation-duration" => "3s",
    "animation-timing-function" => "ease-in-out",
    "animation-delay" => "0s",
    "animation-iteration-count" => "infinite",
    "animation-direction" => "alternate",
    "animation-fill-mode" => "none",
    "animation-play-state" => "running",
    "animation-name" => "styles_slide__bblj6yb",
    "border-radius" => "9999px",
    "border-top-left-radius" => "9999px",
    "border-top-right-radius" => "9999px",
    "border-bottom-right-radius" => "9999px",
    "border-bottom-left-radius" => "9999px",
    "outline" => "5px solid red",
    "outline-color" => "rgb(255, 0, 0)",
    "outline-style" => "solid",
    "outline-width" => "5px",
  },
  "nestedRootContainer": Map {
    "animation" => "3s infinite alternate globalSlide ease-in-out",
    "display" => "flex",
    "flex-direction" => "column",
    "gap" => "var(--space-2__ecdwe0v)",
    "padding" => "var(--space-3__fcdwe0v)",
    "animation-duration" => "3s",
    "animation-timing-function" => "ease-in-out",
    "animation-delay" => "0s",
    "animation-iteration-count" => "infinite",
    "animation-direction" => "alternate",
    "animation-fill-mode" => "none",
    "animation-play-state" => "running",
    "animation-name" => "globalSlide",
    "border" => "1px solid var(--colors-background-color__bcdwe0v)",
  },
  "responsiveThemeButton": Map {
    "box-shadow" => "rgb(255, 0, 0) 0px 0px 5px 0px",
    "animation" => "3s infinite alternate styles_slide__bblj6yb ease-in-out",
    "font-family" => "MyGlobalComicSans",
    "background-color" => "rgb(128, 0, 128)",
    "color" => "rgb(255, 192, 203)",
    "animation-duration" => "3s",
    "animation-timing-function" => "ease-in-out",
    "animation-delay" => "0s",
    "animation-iteration-count" => "infinite",
    "animation-direction" => "alternate",
    "animation-fill-mode" => "none",
    "animation-play-state" => "running",
    "animation-name" => "styles_slide__bblj6yb",
    "border-radius" => "9999px",
    "border-top-left-radius" => "9999px",
    "border-top-right-radius" => "9999px",
    "border-bottom-right-radius" => "9999px",
    "border-bottom-left-radius" => "9999px",
    "outline" => "5px solid red",
    "outline-color" => "rgb(255, 0, 0)",
    "outline-style" => "solid",
    "outline-width" => "5px",
  },
  "responsiveThemeContainer": Map {
    "animation" => "3s infinite alternate globalSlide ease-in-out",
    "display" => "flex",
    "flex-direction" => "column",
    "gap" => "var(--space-2__ecdwe0v)",
    "padding" => "var(--space-3__fcdwe0v)",
    "animation-duration" => "3s",
    "animation-timing-function" => "ease-in-out",
    "animation-delay" => "0s",
    "animation-iteration-count" => "infinite",
    "animation-direction" => "alternate",
    "animation-fill-mode" => "none",
    "animation-play-state" => "running",
    "animation-name" => "globalSlide",
    "border" => "1px solid var(--colors-background-color__bcdwe0v)",
  },
  "root": Map {
    "box-shadow" => "rgb(255, 0, 0) 0px 0px 5px 0px",
  },
  "rootButton": Map {
    "box-shadow" => "rgb(255, 0, 0) 0px 0px 5px 0px",
    "animation" => "3s infinite alternate styles_slide__bblj6yb ease-in-out",
    "font-family" => "styles_impact__ablj6yb",
    "background-color" => "rgb(0, 0, 255)",
    "color" => "rgb(255, 255, 255)",
    "animation-duration" => "3s",
    "animation-timing-function" => "ease-in-out",
    "animation-delay" => "0s",
    "animation-iteration-count" => "infinite",
    "animation-direction" => "alternate",
    "animation-fill-mode" => "none",
    "animation-play-state" => "running",
    "animation-name" => "styles_slide__bblj6yb",
    "border-radius" => "9999px",
    "border-top-left-radius" => "9999px",
    "border-top-right-radius" => "9999px",
    "border-bottom-right-radius" => "9999px",
    "border-bottom-left-radius" => "9999px",
  },
  "rootContainer": Map {
    "animation" => "3s infinite alternate globalSlide ease-in-out",
    "display" => "flex",
    "flex-direction" => "column",
    "gap" => "var(--space-2__ecdwe0v)",
    "padding" => "var(--space-3__fcdwe0v)",
    "animation-duration" => "3s",
    "animation-timing-function" => "ease-in-out",
    "animation-delay" => "0s",
    "animation-iteration-count" => "infinite",
    "animation-direction" => "alternate",
    "animation-fill-mode" => "none",
    "animation-play-state" => "running",
    "animation-name" => "globalSlide",
    "border" => "1px solid var(--colors-background-color__bcdwe0v)",
  },
}
`;

exports[`Styling and specificity Themed style-loader on mobile all builds should match 1`] = `
Object {
  "altButton": Map {
    "box-shadow" => "rgb(255, 0, 0) 0px 0px 5px 0px",
    "animation" => "3s infinite alternate styles_slide__bblj6yb ease-in-out",
    "font-family" => "styles_impact__ablj6yb",
    "background-color" => "rgb(0, 128, 0)",
    "color" => "rgb(255, 255, 255)",
    "animation-duration" => "3s",
    "animation-timing-function" => "ease-in-out",
    "animation-delay" => "0s",
    "animation-iteration-count" => "infinite",
    "animation-direction" => "alternate",
    "animation-fill-mode" => "none",
    "animation-play-state" => "running",
    "animation-name" => "styles_slide__bblj6yb",
  },
  "altContainer": Map {
    "animation" => "3s infinite alternate globalSlide ease-in-out",
    "display" => "flex",
    "flex-direction" => "column",
    "gap" => "var(--space-2__ecdwe0v)",
    "padding" => "var(--space-3__fcdwe0v)",
    "animation-duration" => "3s",
    "animation-timing-function" => "ease-in-out",
    "animation-delay" => "0s",
    "animation-iteration-count" => "infinite",
    "animation-direction" => "alternate",
    "animation-fill-mode" => "none",
    "animation-play-state" => "running",
    "animation-name" => "globalSlide",
  },
  "dynamicVarsButton": Map {
    "box-shadow" => "rgb(255, 0, 0) 0px 0px 5px 0px",
    "animation" => "3s infinite alternate styles_slide__bblj6yb ease-in-out",
    "font-family" => "MyGlobalComicSans",
    "background-color" => "rgb(233, 150, 122)",
    "color" => "rgb(255, 239, 213)",
    "animation-duration" => "3s",
    "animation-timing-function" => "ease-in-out",
    "animation-delay" => "0s",
    "animation-iteration-count" => "infinite",
    "animation-direction" => "alternate",
    "animation-fill-mode" => "none",
    "animation-play-state" => "running",
    "animation-name" => "styles_slide__bblj6yb",
    "outline" => "5px solid red",
    "outline-color" => "rgb(255, 0, 0)",
    "outline-style" => "solid",
    "outline-width" => "5px",
  },
  "dynamicVarsContainer": Map {
    "animation" => "3s infinite alternate globalSlide ease-in-out",
    "display" => "flex",
    "flex-direction" => "column",
    "gap" => "var(--space-2__ecdwe0v)",
    "padding" => "var(--space-3__fcdwe0v)",
    "animation-duration" => "3s",
    "animation-timing-function" => "ease-in-out",
    "animation-delay" => "0s",
    "animation-iteration-count" => "infinite",
    "animation-direction" => "alternate",
    "animation-fill-mode" => "none",
    "animation-play-state" => "running",
    "animation-name" => "globalSlide",
  },
  "inlineThemeButton": Map {
    "box-shadow" => "rgb(255, 0, 0) 0px 0px 5px 0px",
    "animation" => "3s infinite alternate styles_slide__bblj6yb ease-in-out",
    "font-family" => "MyGlobalComicSans",
    "background-color" => "rgb(255, 165, 0)",
    "color" => "rgb(0, 0, 0)",
    "animation-duration" => "3s",
    "animation-timing-function" => "ease-in-out",
    "animation-delay" => "0s",
    "animation-iteration-count" => "infinite",
    "animation-direction" => "alternate",
    "animation-fill-mode" => "none",
    "animation-play-state" => "running",
    "animation-name" => "styles_slide__bblj6yb",
    "opacity" => "0.5",
    "outline" => "5px solid red",
    "outline-color" => "rgb(255, 0, 0)",
    "outline-style" => "solid",
    "outline-width" => "5px",
  },
  "inlineThemeContainer": Map {
    "animation" => "3s infinite alternate globalSlide ease-in-out",
    "display" => "flex",
    "flex-direction" => "column",
    "gap" => "var(--space-2__ecdwe0v)",
    "padding" => "var(--space-3__fcdwe0v)",
    "animation-duration" => "3s",
    "animation-timing-function" => "ease-in-out",
    "animation-delay" => "0s",
    "animation-iteration-count" => "infinite",
    "animation-direction" => "alternate",
    "animation-fill-mode" => "none",
    "animation-play-state" => "running",
    "animation-name" => "globalSlide",
  },
  "nestedRootButton": Map {
    "box-shadow" => "rgb(255, 0, 0) 0px 0px 5px 0px",
    "animation" => "3s infinite alternate styles_slide__bblj6yb ease-in-out",
    "font-family" => "MyGlobalComicSans",
    "background-color" => "rgb(0, 0, 255)",
    "color" => "rgb(255, 255, 255)",
    "animation-duration" => "3s",
    "animation-timing-function" => "ease-in-out",
    "animation-delay" => "0s",
    "animation-iteration-count" => "infinite",
    "animation-direction" => "alternate",
    "animation-fill-mode" => "none",
    "animation-play-state" => "running",
    "animation-name" => "styles_slide__bblj6yb",
    "outline" => "5px solid red",
    "outline-color" => "rgb(255, 0, 0)",
    "outline-style" => "solid",
    "outline-width" => "5px",
  },
  "nestedRootContainer": Map {
    "animation" => "3s infinite alternate globalSlide ease-in-out",
    "display" => "flex",
    "flex-direction" => "column",
    "gap" => "var(--space-2__ecdwe0v)",
    "padding" => "var(--space-3__fcdwe0v)",
    "animation-duration" => "3s",
    "animation-timing-function" => "ease-in-out",
    "animation-delay" => "0s",
    "animation-iteration-count" => "infinite",
    "animation-direction" => "alternate",
    "animation-fill-mode" => "none",
    "animation-play-state" => "running",
    "animation-name" => "globalSlide",
  },
  "responsiveThemeButton": Map {
    "box-shadow" => "rgb(255, 0, 0) 0px 0px 5px 0px",
    "animation" => "3s infinite alternate styles_slide__bblj6yb ease-in-out",
    "font-family" => "MyGlobalComicSans",
    "background-color" => "rgb(255, 192, 203)",
    "color" => "rgb(128, 0, 128)",
    "animation-duration" => "3s",
    "animation-timing-function" => "ease-in-out",
    "animation-delay" => "0s",
    "animation-iteration-count" => "infinite",
    "animation-direction" => "alternate",
    "animation-fill-mode" => "none",
    "animation-play-state" => "running",
    "animation-name" => "styles_slide__bblj6yb",
    "outline" => "5px solid red",
    "outline-color" => "rgb(255, 0, 0)",
    "outline-style" => "solid",
    "outline-width" => "5px",
  },
  "responsiveThemeContainer": Map {
    "animation" => "3s infinite alternate globalSlide ease-in-out",
    "display" => "flex",
    "flex-direction" => "column",
    "gap" => "var(--space-2__ecdwe0v)",
    "padding" => "var(--space-3__fcdwe0v)",
    "animation-duration" => "3s",
    "animation-timing-function" => "ease-in-out",
    "animation-delay" => "0s",
    "animation-iteration-count" => "infinite",
    "animation-direction" => "alternate",
    "animation-fill-mode" => "none",
    "animation-play-state" => "running",
    "animation-name" => "globalSlide",
  },
  "root": Map {
    "box-shadow" => "rgb(255, 0, 0) 0px 0px 5px 0px",
  },
  "rootButton": Map {
    "box-shadow" => "rgb(255, 0, 0) 0px 0px 5px 0px",
    "animation" => "3s infinite alternate styles_slide__bblj6yb ease-in-out",
    "font-family" => "styles_impact__ablj6yb",
    "background-color" => "rgb(0, 0, 255)",
    "color" => "rgb(255, 255, 255)",
    "animation-duration" => "3s",
    "animation-timing-function" => "ease-in-out",
    "animation-delay" => "0s",
    "animation-iteration-count" => "infinite",
    "animation-direction" => "alternate",
    "animation-fill-mode" => "none",
    "animation-play-state" => "running",
    "animation-name" => "styles_slide__bblj6yb",
  },
  "rootContainer": Map {
    "animation" => "3s infinite alternate globalSlide ease-in-out",
    "display" => "flex",
    "flex-direction" => "column",
    "gap" => "var(--space-2__ecdwe0v)",
    "padding" => "var(--space-3__fcdwe0v)",
    "animation-duration" => "3s",
    "animation-timing-function" => "ease-in-out",
    "animation-delay" => "0s",
    "animation-iteration-count" => "infinite",
    "animation-direction" => "alternate",
    "animation-fill-mode" => "none",
    "animation-play-state" => "running",
    "animation-name" => "globalSlide",
  },
}
`;
