// Jest Snapshot v1, https://goo.gl/fbAQLP

exports[`features - esbuild should create valid stylesheet 1`] = `
"._1j5zl922 {
  display: flex;
}
._1j5zl926 {
  display: none;
}
._1j5zl92a {
  display: block;
}
._1j5zl92e {
  padding-top: 10px;
}
._1j5zl92i {
  padding-top: 20px;
}
._1j5zl92m {
  background: rgba(255, 0, 0, var(--_1j5zl920));
}
._1j5zl92m,
._1j5zl92q {
  --_1j5zl920: 1;
}
._1j5zl92u {
  --_1j5zl920: 0.1;
}
._1j5zl92y {
  --_1j5zl920: 0.2;
}
._1j5zl9212 {
  --_1j5zl920: 0.3;
}
._1j5zl9216 {
  color: rgba(255, 0, 0, var(--_1j5zl921));
}
._1j5zl9216,
._1j5zl9217 {
  --_1j5zl921: 1;
}
._1j5zl9218 {
  --_1j5zl921: 0.8;
}
body > ._1j5zl921a {
  background: red;
}
@media screen and (min-width: 768px) {
  ._1j5zl923 {
    display: flex;
  }
  ._1j5zl927 {
    display: none;
  }
  ._1j5zl92b {
    display: block;
  }
  ._1j5zl92f {
    padding-top: 10px;
  }
  ._1j5zl92j {
    padding-top: 20px;
  }
  ._1j5zl92n {
    background: rgba(255, 0, 0, var(--_1j5zl920));
  }
  ._1j5zl92n,
  ._1j5zl92r {
    --_1j5zl920: 1;
  }
  ._1j5zl92v {
    --_1j5zl920: 0.1;
  }
  ._1j5zl92z {
    --_1j5zl920: 0.2;
  }
  ._1j5zl9213 {
    --_1j5zl920: 0.3;
  }
}
@media screen and (min-width: 1024px) {
  ._1j5zl924 {
    display: flex;
  }
  ._1j5zl928 {
    display: none;
  }
  ._1j5zl92c {
    display: block;
  }
  ._1j5zl92g {
    padding-top: 10px;
  }
  ._1j5zl92k {
    padding-top: 20px;
  }
  ._1j5zl92o {
    background: rgba(255, 0, 0, var(--_1j5zl920));
  }
  ._1j5zl92o,
  ._1j5zl92s {
    --_1j5zl920: 1;
  }
  ._1j5zl92w {
    --_1j5zl920: 0.1;
  }
  ._1j5zl9210 {
    --_1j5zl920: 0.2;
  }
  ._1j5zl9214 {
    --_1j5zl920: 0.3;
  }
  @supports not (display: grid) {
    [data-dark-mode] ._1j5zl925 {
      display: flex;
    }
    [data-dark-mode] ._1j5zl929 {
      display: none;
    }
    [data-dark-mode] ._1j5zl92d {
      display: block;
    }
    [data-dark-mode] ._1j5zl92h {
      padding-top: 10px;
    }
    [data-dark-mode] ._1j5zl92l {
      padding-top: 20px;
    }
    [data-dark-mode] ._1j5zl92p {
      --_1j5zl920: 1;
      background: rgba(255, 0, 0, var(--_1j5zl920));
    }
    [data-dark-mode] ._1j5zl92t {
      --_1j5zl920: 1;
    }
    [data-dark-mode] ._1j5zl92x {
      --_1j5zl920: 0.1;
    }
    [data-dark-mode] ._1j5zl9211 {
      --_1j5zl920: 0.2;
    }
    [data-dark-mode] ._1j5zl9215 {
      --_1j5zl920: 0.3;
    }
  }
}
"
`;

exports[`features - mini-css-extract should create valid stylesheet 1`] = `
"._3nw5tz2 {
  display: flex;
}
._3nw5tz6 {
  display: none;
}
._3nw5tza {
  display: block;
}
._3nw5tze {
  padding-top: 10px;
}
._3nw5tzi {
  padding-top: 20px;
}
._3nw5tzm {
  background: rgba(255, 0, 0, var(--_3nw5tz0));
}
._3nw5tzm,
._3nw5tzq {
  --_3nw5tz0: 1;
}
._3nw5tzu {
  --_3nw5tz0: 0.1;
}
._3nw5tzy {
  --_3nw5tz0: 0.2;
}
._3nw5tz12 {
  --_3nw5tz0: 0.3;
}
._3nw5tz16 {
  color: rgba(255, 0, 0, var(--_3nw5tz1));
}
._3nw5tz16,
._3nw5tz17 {
  --_3nw5tz1: 1;
}
._3nw5tz18 {
  --_3nw5tz1: 0.8;
}
body > ._3nw5tz1a {
  background: red;
}
@media screen and (min-width: 768px) {
  ._3nw5tz3 {
    display: flex;
  }
  ._3nw5tz7 {
    display: none;
  }
  ._3nw5tzb {
    display: block;
  }
  ._3nw5tzf {
    padding-top: 10px;
  }
  ._3nw5tzj {
    padding-top: 20px;
  }
  ._3nw5tzn {
    background: rgba(255, 0, 0, var(--_3nw5tz0));
  }
  ._3nw5tzn,
  ._3nw5tzr {
    --_3nw5tz0: 1;
  }
  ._3nw5tzv {
    --_3nw5tz0: 0.1;
  }
  ._3nw5tzz {
    --_3nw5tz0: 0.2;
  }
  ._3nw5tz13 {
    --_3nw5tz0: 0.3;
  }
}
@media screen and (min-width: 1024px) {
  ._3nw5tz4 {
    display: flex;
  }
  ._3nw5tz8 {
    display: none;
  }
  ._3nw5tzc {
    display: block;
  }
  ._3nw5tzg {
    padding-top: 10px;
  }
  ._3nw5tzk {
    padding-top: 20px;
  }
  ._3nw5tzo {
    background: rgba(255, 0, 0, var(--_3nw5tz0));
  }
  ._3nw5tzo,
  ._3nw5tzs {
    --_3nw5tz0: 1;
  }
  ._3nw5tzw {
    --_3nw5tz0: 0.1;
  }
  ._3nw5tz10 {
    --_3nw5tz0: 0.2;
  }
  ._3nw5tz14 {
    --_3nw5tz0: 0.3;
  }
  @supports not (display: grid) {
    [data-dark-mode] ._3nw5tz5 {
      display: flex;
    }
    [data-dark-mode] ._3nw5tz9 {
      display: none;
    }
    [data-dark-mode] ._3nw5tzd {
      display: block;
    }
    [data-dark-mode] ._3nw5tzh {
      padding-top: 10px;
    }
    [data-dark-mode] ._3nw5tzl {
      padding-top: 20px;
    }
    [data-dark-mode] ._3nw5tzp {
      --_3nw5tz0: 1;
      background: rgba(255, 0, 0, var(--_3nw5tz0));
    }
    [data-dark-mode] ._3nw5tzt {
      --_3nw5tz0: 1;
    }
    [data-dark-mode] ._3nw5tzx {
      --_3nw5tz0: 0.1;
    }
    [data-dark-mode] ._3nw5tz11 {
      --_3nw5tz0: 0.2;
    }
    [data-dark-mode] ._3nw5tz15 {
      --_3nw5tz0: 0.3;
    }
  }
}
"
`;

exports[`features - vite should create valid stylesheet 1`] = `
"._1j5zl922 {
  display: flex;
}
._1j5zl926 {
  display: none;
}
._1j5zl92a {
  display: block;
}
._1j5zl92e {
  padding-top: 10px;
}
._1j5zl92i {
  padding-top: 20px;
}
._1j5zl92m {
  background: rgba(255, 0, 0, var(--_1j5zl920));
}
._1j5zl92m,
._1j5zl92q {
  --_1j5zl920: 1;
}
._1j5zl92u {
  --_1j5zl920: 0.1;
}
._1j5zl92y {
  --_1j5zl920: 0.2;
}
._1j5zl9212 {
  --_1j5zl920: 0.3;
}
._1j5zl9216 {
  color: rgba(255, 0, 0, var(--_1j5zl921));
}
._1j5zl9216,
._1j5zl9217 {
  --_1j5zl921: 1;
}
._1j5zl9218 {
  --_1j5zl921: 0.8;
}
body > ._1j5zl921a {
  background: red;
}
@media screen and (min-width: 768px) {
  ._1j5zl923 {
    display: flex;
  }
  ._1j5zl927 {
    display: none;
  }
  ._1j5zl92b {
    display: block;
  }
  ._1j5zl92f {
    padding-top: 10px;
  }
  ._1j5zl92j {
    padding-top: 20px;
  }
  ._1j5zl92n {
    background: rgba(255, 0, 0, var(--_1j5zl920));
  }
  ._1j5zl92n,
  ._1j5zl92r {
    --_1j5zl920: 1;
  }
  ._1j5zl92v {
    --_1j5zl920: 0.1;
  }
  ._1j5zl92z {
    --_1j5zl920: 0.2;
  }
  ._1j5zl9213 {
    --_1j5zl920: 0.3;
  }
}
@media screen and (min-width: 1024px) {
  ._1j5zl924 {
    display: flex;
  }
  ._1j5zl928 {
    display: none;
  }
  ._1j5zl92c {
    display: block;
  }
  ._1j5zl92g {
    padding-top: 10px;
  }
  ._1j5zl92k {
    padding-top: 20px;
  }
  ._1j5zl92o {
    background: rgba(255, 0, 0, var(--_1j5zl920));
  }
  ._1j5zl92o,
  ._1j5zl92s {
    --_1j5zl920: 1;
  }
  ._1j5zl92w {
    --_1j5zl920: 0.1;
  }
  ._1j5zl9210 {
    --_1j5zl920: 0.2;
  }
  ._1j5zl9214 {
    --_1j5zl920: 0.3;
  }
  @supports not (display: grid) {
    [data-dark-mode] ._1j5zl925 {
      display: flex;
    }
    [data-dark-mode] ._1j5zl929 {
      display: none;
    }
    [data-dark-mode] ._1j5zl92d {
      display: block;
    }
    [data-dark-mode] ._1j5zl92h {
      padding-top: 10px;
    }
    [data-dark-mode] ._1j5zl92l {
      padding-top: 20px;
    }
    [data-dark-mode] ._1j5zl92p {
      --_1j5zl920: 1;
      background: rgba(255, 0, 0, var(--_1j5zl920));
    }
    [data-dark-mode] ._1j5zl92t {
      --_1j5zl920: 1;
    }
    [data-dark-mode] ._1j5zl92x {
      --_1j5zl920: 0.1;
    }
    [data-dark-mode] ._1j5zl9211 {
      --_1j5zl920: 0.2;
    }
    [data-dark-mode] ._1j5zl9215 {
      --_1j5zl920: 0.3;
    }
  }
}
"
`;
