// Jest Snapshot v1, https://goo.gl/fbAQLP

exports[`sprinkles - esbuild should create valid stylesheet 1`] = `
".g7vce92 {
  display: flex;
}
.g7vce96 {
  display: none;
}
.g7vce9a {
  display: block;
}
.g7vce9e {
  padding-top: 10px;
}
.g7vce9i {
  padding-top: 20px;
}
.g7vce9m {
  background: rgba(255, 0, 0, var(--g7vce90));
}
.g7vce9m,
.g7vce9q {
  --g7vce90: 1;
}
.g7vce9u {
  --g7vce90: 0.1;
}
.g7vce9y {
  --g7vce90: 0.2;
}
.g7vce912 {
  --g7vce90: 0.3;
}
.g7vce916 {
  color: rgba(255, 0, 0, var(--g7vce91));
}
.g7vce916,
.g7vce917 {
  --g7vce91: 1;
}
.g7vce918 {
  --g7vce91: 0.8;
}
body > .g7vce91a {
  background: red;
}
@media screen and (min-width: 768px) {
  .g7vce93 {
    display: flex;
  }
  .g7vce97 {
    display: none;
  }
  .g7vce9b {
    display: block;
  }
  .g7vce9f {
    padding-top: 10px;
  }
  .g7vce9j {
    padding-top: 20px;
  }
  .g7vce9n {
    background: rgba(255, 0, 0, var(--g7vce90));
  }
  .g7vce9n,
  .g7vce9r {
    --g7vce90: 1;
  }
  .g7vce9v {
    --g7vce90: 0.1;
  }
  .g7vce9z {
    --g7vce90: 0.2;
  }
  .g7vce913 {
    --g7vce90: 0.3;
  }
}
@media screen and (min-width: 1024px) {
  .g7vce94 {
    display: flex;
  }
  .g7vce98 {
    display: none;
  }
  .g7vce9c {
    display: block;
  }
  .g7vce9g {
    padding-top: 10px;
  }
  .g7vce9k {
    padding-top: 20px;
  }
  .g7vce9o {
    background: rgba(255, 0, 0, var(--g7vce90));
  }
  .g7vce9o,
  .g7vce9s {
    --g7vce90: 1;
  }
  .g7vce9w {
    --g7vce90: 0.1;
  }
  .g7vce910 {
    --g7vce90: 0.2;
  }
  .g7vce914 {
    --g7vce90: 0.3;
  }
  @supports not (display: grid) {
    [data-dark-mode] .g7vce95 {
      display: flex;
    }
    [data-dark-mode] .g7vce99 {
      display: none;
    }
    [data-dark-mode] .g7vce9d {
      display: block;
    }
    [data-dark-mode] .g7vce9h {
      padding-top: 10px;
    }
    [data-dark-mode] .g7vce9l {
      padding-top: 20px;
    }
    [data-dark-mode] .g7vce9p {
      --g7vce90: 1;
      background: rgba(255, 0, 0, var(--g7vce90));
    }
    [data-dark-mode] .g7vce9t {
      --g7vce90: 1;
    }
    [data-dark-mode] .g7vce9x {
      --g7vce90: 0.1;
    }
    [data-dark-mode] .g7vce911 {
      --g7vce90: 0.2;
    }
    [data-dark-mode] .g7vce915 {
      --g7vce90: 0.3;
    }
  }
}
"
`;

exports[`sprinkles - mini-css-extract should create valid stylesheet 1`] = `
"._1mziagj2 {
  display: flex;
}
._1mziagj6 {
  display: none;
}
._1mziagja {
  display: block;
}
._1mziagje {
  padding-top: 10px;
}
._1mziagji {
  padding-top: 20px;
}
._1mziagjm {
  background: rgba(255, 0, 0, var(--_1mziagj0));
}
._1mziagjm,
._1mziagjq {
  --_1mziagj0: 1;
}
._1mziagju {
  --_1mziagj0: 0.1;
}
._1mziagjy {
  --_1mziagj0: 0.2;
}
._1mziagj12 {
  --_1mziagj0: 0.3;
}
._1mziagj16 {
  color: rgba(255, 0, 0, var(--_1mziagj1));
}
._1mziagj16,
._1mziagj17 {
  --_1mziagj1: 1;
}
._1mziagj18 {
  --_1mziagj1: 0.8;
}
body > ._1mziagj1a {
  background: red;
}
@media screen and (min-width: 768px) {
  ._1mziagj3 {
    display: flex;
  }
  ._1mziagj7 {
    display: none;
  }
  ._1mziagjb {
    display: block;
  }
  ._1mziagjf {
    padding-top: 10px;
  }
  ._1mziagjj {
    padding-top: 20px;
  }
  ._1mziagjn {
    background: rgba(255, 0, 0, var(--_1mziagj0));
  }
  ._1mziagjn,
  ._1mziagjr {
    --_1mziagj0: 1;
  }
  ._1mziagjv {
    --_1mziagj0: 0.1;
  }
  ._1mziagjz {
    --_1mziagj0: 0.2;
  }
  ._1mziagj13 {
    --_1mziagj0: 0.3;
  }
}
@media screen and (min-width: 1024px) {
  ._1mziagj4 {
    display: flex;
  }
  ._1mziagj8 {
    display: none;
  }
  ._1mziagjc {
    display: block;
  }
  ._1mziagjg {
    padding-top: 10px;
  }
  ._1mziagjk {
    padding-top: 20px;
  }
  ._1mziagjo {
    background: rgba(255, 0, 0, var(--_1mziagj0));
  }
  ._1mziagjo,
  ._1mziagjs {
    --_1mziagj0: 1;
  }
  ._1mziagjw {
    --_1mziagj0: 0.1;
  }
  ._1mziagj10 {
    --_1mziagj0: 0.2;
  }
  ._1mziagj14 {
    --_1mziagj0: 0.3;
  }
  @supports not (display: grid) {
    [data-dark-mode] ._1mziagj5 {
      display: flex;
    }
    [data-dark-mode] ._1mziagj9 {
      display: none;
    }
    [data-dark-mode] ._1mziagjd {
      display: block;
    }
    [data-dark-mode] ._1mziagjh {
      padding-top: 10px;
    }
    [data-dark-mode] ._1mziagjl {
      padding-top: 20px;
    }
    [data-dark-mode] ._1mziagjp {
      --_1mziagj0: 1;
      background: rgba(255, 0, 0, var(--_1mziagj0));
    }
    [data-dark-mode] ._1mziagjt {
      --_1mziagj0: 1;
    }
    [data-dark-mode] ._1mziagjx {
      --_1mziagj0: 0.1;
    }
    [data-dark-mode] ._1mziagj11 {
      --_1mziagj0: 0.2;
    }
    [data-dark-mode] ._1mziagj15 {
      --_1mziagj0: 0.3;
    }
  }
}
"
`;

exports[`sprinkles - vite should create valid stylesheet 1`] = `
".g7vce92 {
  display: flex;
}
.g7vce96 {
  display: none;
}
.g7vce9a {
  display: block;
}
.g7vce9e {
  padding-top: 10px;
}
.g7vce9i {
  padding-top: 20px;
}
.g7vce9m {
  background: rgba(255, 0, 0, var(--g7vce90));
}
.g7vce9m,
.g7vce9q {
  --g7vce90: 1;
}
.g7vce9u {
  --g7vce90: 0.1;
}
.g7vce9y {
  --g7vce90: 0.2;
}
.g7vce912 {
  --g7vce90: 0.3;
}
.g7vce916 {
  color: rgba(255, 0, 0, var(--g7vce91));
}
.g7vce916,
.g7vce917 {
  --g7vce91: 1;
}
.g7vce918 {
  --g7vce91: 0.8;
}
body > .g7vce91a {
  background: red;
}
@media screen and (min-width: 768px) {
  .g7vce93 {
    display: flex;
  }
  .g7vce97 {
    display: none;
  }
  .g7vce9b {
    display: block;
  }
  .g7vce9f {
    padding-top: 10px;
  }
  .g7vce9j {
    padding-top: 20px;
  }
  .g7vce9n {
    background: rgba(255, 0, 0, var(--g7vce90));
  }
  .g7vce9n,
  .g7vce9r {
    --g7vce90: 1;
  }
  .g7vce9v {
    --g7vce90: 0.1;
  }
  .g7vce9z {
    --g7vce90: 0.2;
  }
  .g7vce913 {
    --g7vce90: 0.3;
  }
}
@media screen and (min-width: 1024px) {
  .g7vce94 {
    display: flex;
  }
  .g7vce98 {
    display: none;
  }
  .g7vce9c {
    display: block;
  }
  .g7vce9g {
    padding-top: 10px;
  }
  .g7vce9k {
    padding-top: 20px;
  }
  .g7vce9o {
    background: rgba(255, 0, 0, var(--g7vce90));
  }
  .g7vce9o,
  .g7vce9s {
    --g7vce90: 1;
  }
  .g7vce9w {
    --g7vce90: 0.1;
  }
  .g7vce910 {
    --g7vce90: 0.2;
  }
  .g7vce914 {
    --g7vce90: 0.3;
  }
  @supports not (display: grid) {
    [data-dark-mode] .g7vce95 {
      display: flex;
    }
    [data-dark-mode] .g7vce99 {
      display: none;
    }
    [data-dark-mode] .g7vce9d {
      display: block;
    }
    [data-dark-mode] .g7vce9h {
      padding-top: 10px;
    }
    [data-dark-mode] .g7vce9l {
      padding-top: 20px;
    }
    [data-dark-mode] .g7vce9p {
      --g7vce90: 1;
      background: rgba(255, 0, 0, var(--g7vce90));
    }
    [data-dark-mode] .g7vce9t {
      --g7vce90: 1;
    }
    [data-dark-mode] .g7vce9x {
      --g7vce90: 0.1;
    }
    [data-dark-mode] .g7vce911 {
      --g7vce90: 0.2;
    }
    [data-dark-mode] .g7vce915 {
      --g7vce90: 0.3;
    }
  }
}
"
`;
