// Jest Snapshot v1, https://goo.gl/fbAQLP

exports[`themed - esbuild should create valid stylesheet 1`] = `
"._6cbmls0,
:root {
  --_6cbmls1: blue;
  --_6cbmls2: #fff;
  --_6cbmls3: 4px;
  --_6cbmls4: 8px;
  --_6cbmls5: 12px;
}
._6cbmls6 {
  --_6cbmls1: green;
  --_6cbmls2: #fff;
  --_6cbmls3: 8px;
  --_6cbmls4: 12px;
  --_6cbmls5: 16px;
}
._6cbmls7 {
  --_6cbmls1: pink;
  --_6cbmls2: purple;
  --_6cbmls3: 6px;
  --_6cbmls4: 12px;
  --_6cbmls5: 18px;
}
@media screen and (min-width: 768px) {
  ._6cbmls7 {
    --_6cbmls1: purple;
    --_6cbmls2: pink;
  }
}
._9k2war0 {
  box-shadow: 0 0 5px red;
}
body {
  background-color: #87ceeb;
}
@font-face {
  font-family: g7vce90;
  src: local(\\"Impact\\");
}
@font-face {
  font-family: MyGlobalComicSans;
  src: local(\\"Comic Sans MS\\");
}
.g7vce91 {
  display: flex;
  flex-direction: column;
  gap: var(--_6cbmls4);
  padding: var(--_6cbmls5);
}
.g7vce92 {
  position: relative;
  z-index: 1;
}
.g7vce93 {
  background-color: var(--_6cbmls1, \\"THIS FALLBACK VALUE SHOULD NEVER BE USED\\");
  border-radius: 9999px;
  color: var(--_6cbmls2);
  font-family: g7vce90;
}
._6cbmls6 ._6cbmls0 .g7vce91 .g7vce93 {
  font-family: MyGlobalComicSans;
  outline: 5px solid red;
}
body .g7vce92:after {
  content: \\"I am content\\";
}
html .g7vce96 {
  opacity: var(--g7vce94, 0.5);
}
html .g7vce97 {
  opacity: var(--g7vce94, var(--g7vce95, 0.25));
}
@media only screen and (min-width: 500px) {
  .g7vce91 {
    border: 1px solid var(--_6cbmls1);
  }
  .g7vce93 {
    padding: var(--_6cbmls3);
  }
}
@media only screen and (min-width: 1000px) {
  .g7vce93 {
    padding: var(--_6cbmls4);
  }
}
"
`;

exports[`themed - mini-css-extract should create valid stylesheet 1`] = `
"._40jr0n0,
:root {
  --_40jr0n1: blue;
  --_40jr0n2: #fff;
  --_40jr0n3: 4px;
  --_40jr0n4: 8px;
  --_40jr0n5: 12px;
}
._40jr0n6 {
  --_40jr0n1: green;
  --_40jr0n2: #fff;
  --_40jr0n3: 8px;
  --_40jr0n4: 12px;
  --_40jr0n5: 16px;
}
._40jr0n7 {
  --_40jr0n1: pink;
  --_40jr0n2: purple;
  --_40jr0n3: 6px;
  --_40jr0n4: 12px;
  --_40jr0n5: 18px;
}
@media screen and (min-width: 768px) {
  ._40jr0n7 {
    --_40jr0n1: purple;
    --_40jr0n2: pink;
  }
}
.fb6bqk0 {
  box-shadow: 0 0 5px red;
}
body {
  background-color: skyblue;
}
@font-face {
  font-family: bh8jtc0;
  src: local(\\"Impact\\");
}
@font-face {
  font-family: MyGlobalComicSans;
  src: local(\\"Comic Sans MS\\");
}
.bh8jtc1 {
  display: flex;
  flex-direction: column;
  gap: var(--_40jr0n4);
  padding: var(--_40jr0n5);
}
.bh8jtc2 {
  position: relative;
  z-index: 1;
}
.bh8jtc3 {
  background-color: var(--_40jr0n1, \\"THIS FALLBACK VALUE SHOULD NEVER BE USED\\");
  border-radius: 9999px;
  color: var(--_40jr0n2);
  font-family: bh8jtc0;
}
._40jr0n6 ._40jr0n0 .bh8jtc1 .bh8jtc3 {
  font-family: MyGlobalComicSans;
  outline: 5px solid red;
}
body .bh8jtc2:after {
  content: \\"I am content\\";
}
html .bh8jtc6 {
  opacity: var(--bh8jtc4, 0.5);
}
html .bh8jtc7 {
  opacity: var(--bh8jtc4, var(--bh8jtc5, 0.25));
}
@media only screen and (min-width: 500px) {
  .bh8jtc1 {
    border: 1px solid var(--_40jr0n1);
  }
  .bh8jtc3 {
    padding: var(--_40jr0n3);
  }
}
@media only screen and (min-width: 1000px) {
  .bh8jtc3 {
    padding: var(--_40jr0n4);
  }
}
"
`;

exports[`themed - vite should create valid stylesheet 1`] = `
"._6cbmls0,
:root {
  --_6cbmls1: blue;
  --_6cbmls2: #fff;
  --_6cbmls3: 4px;
  --_6cbmls4: 8px;
  --_6cbmls5: 12px;
}
._6cbmls6 {
  --_6cbmls1: green;
  --_6cbmls2: #fff;
  --_6cbmls3: 8px;
  --_6cbmls4: 12px;
  --_6cbmls5: 16px;
}
._6cbmls7 {
  --_6cbmls1: pink;
  --_6cbmls2: purple;
  --_6cbmls3: 6px;
  --_6cbmls4: 12px;
  --_6cbmls5: 18px;
}
@media screen and (min-width: 768px) {
  ._6cbmls7 {
    --_6cbmls1: purple;
    --_6cbmls2: pink;
  }
}
._9k2war0 {
  box-shadow: 0 0 5px red;
}
body {
  background-color: #87ceeb;
}
@font-face {
  font-family: g7vce90;
  src: local(\\"Impact\\");
}
@font-face {
  font-family: MyGlobalComicSans;
  src: local(\\"Comic Sans MS\\");
}
.g7vce91 {
  display: flex;
  flex-direction: column;
  gap: var(--_6cbmls4);
  padding: var(--_6cbmls5);
}
.g7vce92 {
  position: relative;
  z-index: 1;
}
.g7vce93 {
  background-color: var(--_6cbmls1, \\"THIS FALLBACK VALUE SHOULD NEVER BE USED\\");
  border-radius: 9999px;
  color: var(--_6cbmls2);
  font-family: g7vce90;
}
._6cbmls6 ._6cbmls0 .g7vce91 .g7vce93 {
  font-family: MyGlobalComicSans;
  outline: 5px solid red;
}
body .g7vce92:after {
  content: \\"I am content\\";
}
html .g7vce96 {
  opacity: var(--g7vce94, 0.5);
}
html .g7vce97 {
  opacity: var(--g7vce94, var(--g7vce95, 0.25));
}
@media only screen and (min-width: 500px) {
  .g7vce91 {
    border: 1px solid var(--_6cbmls1);
  }
  .g7vce93 {
    padding: var(--_6cbmls3);
  }
}
@media only screen and (min-width: 1000px) {
  .g7vce93 {
    padding: var(--_6cbmls4);
  }
}
"
`;
